
*** Running vivado
    with args -log soc_top.vdi -applog -m64 -product Vivado -messageDb vivado.pb -mode batch -source soc_top.tcl -notrace


****** Vivado v2019.2 (64-bit)
  **** SW Build 2708876 on Wed Nov  6 21:40:23 MST 2019
  **** IP Build 2700528 on Thu Nov  7 00:09:20 MST 2019
    ** Copyright 1986-2019 Xilinx, Inc. All Rights Reserved.

source soc_top.tcl -notrace

*** Halting run - EA reset detected ***



    while executing
"start_step init_design"
    (file "soc_top.tcl" line 64)
INFO: [Common 17-206] Exiting Vivado at Thu May 15 21:53:55 2025...

*** Running vivado
    with args -log soc_top.vdi -applog -m64 -product Vivado -messageDb vivado.pb -mode batch -source soc_top.tcl -notrace


****** Vivado v2019.2 (64-bit)
  **** SW Build 2708876 on Wed Nov  6 21:40:23 MST 2019
  **** IP Build 2700528 on Thu Nov  7 00:09:20 MST 2019
    ** Copyright 1986-2019 Xilinx, Inc. All Rights Reserved.

source soc_top.tcl -notrace
Command: link_design -top soc_top -part xc7a200tfbg676-1
Design is defaulting to srcset: sources_1
Design is defaulting to constrset: constrs_1
INFO: [Device 21-403] Loading part xc7a200tfbg676-1
CRITICAL WARNING: [Project 1-840] The design checkpoint file 'E:/la32r_soc_ciciec/rtl/ip/PLL_2019_2/clk_pll.dcp' was generated for an IP by an out of context synthesis run and should not be used directly as a source in a Vivado flow. Constraints and other files related to the IP are only stored in the xci/xcix, not the checkpoint. It is strongly recommended that the original IP source file (.xci/.xcix) be used.
INFO: [Project 1-454] Reading design checkpoint 'E:/la32r_soc_ciciec/rtl/ip/PLL_2019_2/clk_pll.dcp' for cell 'pll_clk.u_clk_pll'
Netlist sorting complete. Time (s): cpu = 00:00:00 ; elapsed = 00:00:00.152 . Memory (MB): peak = 814.988 ; gain = 0.000
INFO: [Netlist 29-17] Analyzing 1286 Unisim elements for replacement
INFO: [Netlist 29-28] Unisim Transformation completed in 0 CPU seconds
INFO: [Project 1-479] Netlist was created with Vivado 2019.2
INFO: [Project 1-570] Preparing netlist for logic optimization
Parsing XDC File [E:/la32r_soc_ciciec/fpga/constraints/soc.xdc]
WARNING: [Vivado 12-507] No nets matched 'clock_btn_IBUF'. [E:/la32r_soc_ciciec/fpga/constraints/soc.xdc:107]
CRITICAL WARNING: [Common 17-55] 'set_property' expects at least one object. [E:/la32r_soc_ciciec/fpga/constraints/soc.xdc:107]
Resolution: If [get_<value>] was used to populate the object, check to make sure this command returns at least one valid object.
INFO: [Timing 38-35] Done setting XDC timing constraints. [E:/la32r_soc_ciciec/fpga/constraints/soc.xdc:283]
INFO: [Timing 38-2] Deriving generated clocks [E:/la32r_soc_ciciec/fpga/constraints/soc.xdc:283]
create_generated_clock: Time (s): cpu = 00:00:06 ; elapsed = 00:00:07 . Memory (MB): peak = 1558.371 ; gain = 617.938
Finished Parsing XDC File [E:/la32r_soc_ciciec/fpga/constraints/soc.xdc]
INFO: [Opt 31-138] Pushed 0 inverter(s) to 0 load pin(s).
Netlist sorting complete. Time (s): cpu = 00:00:00 ; elapsed = 00:00:00.002 . Memory (MB): peak = 1558.371 ; gain = 0.000
INFO: [Project 1-111] Unisim Transformation Summary:
  A total of 200 instances were transformed.
  IOBUF => IOBUF (IBUF, OBUFT): 66 instances
  RAM128X1D => RAM128X1D (MUXF7(x2), RAMD64E(x4)): 8 instances
  RAM32M => RAM32M (RAMD32(x6), RAMS32(x2)): 92 instances
  RAM32X1D => RAM32X1D (RAMD32(x2)): 34 instances

10 Infos, 1 Warnings, 2 Critical Warnings and 0 Errors encountered.
link_design completed successfully
link_design: Time (s): cpu = 00:00:11 ; elapsed = 00:00:14 . Memory (MB): peak = 1558.371 ; gain = 1107.617
Command: opt_design
Attempting to get a license for feature 'Implementation' and/or device 'xc7a200t'
INFO: [Common 17-349] Got license for feature 'Implementation' and/or device 'xc7a200t'
Running DRC as a precondition to command opt_design

Starting DRC Task
INFO: [DRC 23-27] Running DRC with 2 threads
INFO: [Project 1-461] DRC finished with 0 Errors
INFO: [Project 1-462] Please refer to the DRC report (report_drc) for more information.

Time (s): cpu = 00:00:01 ; elapsed = 00:00:00.654 . Memory (MB): peak = 1558.371 ; gain = 0.000

Starting Cache Timing Information Task
INFO: [Timing 38-35] Done setting XDC timing constraints.
Ending Cache Timing Information Task | Checksum: 1ce3f0177

Time (s): cpu = 00:00:01 ; elapsed = 00:00:00.472 . Memory (MB): peak = 1568.355 ; gain = 9.984

Starting Logic Optimization Task

Phase 1 Retarget
INFO: [Opt 31-138] Pushed 4 inverter(s) to 29 load pin(s).
INFO: [Opt 31-49] Retargeted 0 cell(s).
Phase 1 Retarget | Checksum: 209361216

Time (s): cpu = 00:00:00 ; elapsed = 00:00:00.721 . Memory (MB): peak = 1754.535 ; gain = 0.000
INFO: [Opt 31-389] Phase Retarget created 0 cells and removed 14 cells
INFO: [Opt 31-1021] In phase Retarget, 1 netlist objects are constrained preventing optimization. Please run opt_design with -debug_log to get more detail. 

Phase 2 Constant propagation
INFO: [Opt 31-138] Pushed 0 inverter(s) to 0 load pin(s).
Phase 2 Constant propagation | Checksum: 1b2dd8e57

Time (s): cpu = 00:00:00 ; elapsed = 00:00:00.824 . Memory (MB): peak = 1754.535 ; gain = 0.000
INFO: [Opt 31-389] Phase Constant propagation created 3 cells and removed 3 cells

Phase 3 Sweep
Phase 3 Sweep | Checksum: 16769a892

Time (s): cpu = 00:00:00 ; elapsed = 00:00:01 . Memory (MB): peak = 1754.535 ; gain = 0.000
INFO: [Opt 31-389] Phase Sweep created 16 cells and removed 0 cells

Phase 4 BUFG optimization
INFO: [Opt 31-1112] Starts optimizing BUFG(s) with a common MMCM/DPLL/XPLL driver.
INFO: [Opt 31-1112] Starts optimizing BUFG(s) with a common driver.
INFO: [Opt 31-1092] Phase BUFG optimization transformed 0 BUFG(s) to MBUFG(s).
Phase 4 BUFG optimization | Checksum: 16769a892

Time (s): cpu = 00:00:01 ; elapsed = 00:00:01 . Memory (MB): peak = 1754.535 ; gain = 0.000
INFO: [Opt 31-662] Phase BUFG optimization created 0 cells of which 0 are BUFGs and removed 0 cells.

Phase 5 Shift Register Optimization
INFO: [Opt 31-1064] SRL Remap converted 0 SRLs to 0 registers and converted 0 registers of register chains to 0 SRLs
Phase 5 Shift Register Optimization | Checksum: 16769a892

Time (s): cpu = 00:00:01 ; elapsed = 00:00:01 . Memory (MB): peak = 1754.535 ; gain = 0.000
INFO: [Opt 31-389] Phase Shift Register Optimization created 0 cells and removed 0 cells

Phase 6 Post Processing Netlist
Phase 6 Post Processing Netlist | Checksum: 2393df465

Time (s): cpu = 00:00:01 ; elapsed = 00:00:01 . Memory (MB): peak = 1754.535 ; gain = 0.000
INFO: [Opt 31-389] Phase Post Processing Netlist created 0 cells and removed 0 cells
Opt_design Change Summary
=========================


-------------------------------------------------------------------------------------------------------------------------
|  Phase                        |  #Cells created  |  #Cells Removed  |  #Constrained objects preventing optimizations  |
-------------------------------------------------------------------------------------------------------------------------
|  Retarget                     |               0  |              14  |                                              1  |
|  Constant propagation         |               3  |               3  |                                              0  |
|  Sweep                        |              16  |               0  |                                              0  |
|  BUFG optimization            |               0  |               0  |                                              0  |
|  Shift Register Optimization  |               0  |               0  |                                              0  |
|  Post Processing Netlist      |               0  |               0  |                                              0  |
-------------------------------------------------------------------------------------------------------------------------



Starting Connectivity Check Task

Time (s): cpu = 00:00:00 ; elapsed = 00:00:00.023 . Memory (MB): peak = 1754.535 ; gain = 0.000
Ending Logic Optimization Task | Checksum: 2808eab7a

Time (s): cpu = 00:00:01 ; elapsed = 00:00:02 . Memory (MB): peak = 1754.535 ; gain = 0.000

Starting Power Optimization Task
INFO: [Pwropt 34-132] Skipping clock gating for clocks with a period < 2.00 ns.
INFO: [Timing 38-35] Done setting XDC timing constraints.
INFO: [Physopt 32-619] Estimated Timing Summary | WNS=4.984 | TNS=0.000 |
Running Vector-less Activity Propagation...

Finished Running Vector-less Activity Propagation
INFO: [Pwropt 34-9] Applying IDT optimizations ...
INFO: [Pwropt 34-10] Applying ODC optimizations ...


Starting PowerOpt Patch Enables Task
INFO: [Pwropt 34-162] WRITE_MODE attribute of 0 BRAM(s) out of a total of 20 has been updated to save power. Run report_power_opt to get a complete listing of the BRAMs updated.
INFO: [Pwropt 34-201] Structural ODC has moved 0 WE to EN ports
Number of BRAM Ports augmented: 0 newly gated: 0 Total Ports: 40
Ending PowerOpt Patch Enables Task | Checksum: 2808eab7a

Time (s): cpu = 00:00:00 ; elapsed = 00:00:00.062 . Memory (MB): peak = 2013.953 ; gain = 0.000
Ending Power Optimization Task | Checksum: 2808eab7a

Time (s): cpu = 00:00:20 ; elapsed = 00:00:20 . Memory (MB): peak = 2013.953 ; gain = 259.418

Starting Final Cleanup Task
Ending Final Cleanup Task | Checksum: 2808eab7a

Time (s): cpu = 00:00:00 ; elapsed = 00:00:00 . Memory (MB): peak = 2013.953 ; gain = 0.000

Starting Netlist Obfuscation Task
Netlist sorting complete. Time (s): cpu = 00:00:00 ; elapsed = 00:00:00.003 . Memory (MB): peak = 2013.953 ; gain = 0.000
Ending Netlist Obfuscation Task | Checksum: 2808eab7a

Time (s): cpu = 00:00:00 ; elapsed = 00:00:00.003 . Memory (MB): peak = 2013.953 ; gain = 0.000
INFO: [Common 17-83] Releasing license: Implementation
37 Infos, 1 Warnings, 2 Critical Warnings and 0 Errors encountered.
opt_design completed successfully
opt_design: Time (s): cpu = 00:00:24 ; elapsed = 00:00:24 . Memory (MB): peak = 2013.953 ; gain = 455.582
Netlist sorting complete. Time (s): cpu = 00:00:00 ; elapsed = 00:00:00.002 . Memory (MB): peak = 2013.953 ; gain = 0.000
INFO: [Timing 38-480] Writing timing data to binary archive.
Writing placer database...
Writing XDEF routing.
Writing XDEF routing logical nets.
Writing XDEF routing special nets.
Write XDEF Complete: Time (s): cpu = 00:00:00 ; elapsed = 00:00:00.053 . Memory (MB): peak = 2013.953 ; gain = 0.000
INFO: [Common 17-1381] The checkpoint 'E:/la32r_soc_ciciec/fpga/project/Loongson_Soc.runs/impl_1/soc_top_opt.dcp' has been generated.
INFO: [runtcl-4] Executing : report_drc -file soc_top_drc_opted.rpt -pb soc_top_drc_opted.pb -rpx soc_top_drc_opted.rpx
Command: report_drc -file soc_top_drc_opted.rpt -pb soc_top_drc_opted.pb -rpx soc_top_drc_opted.rpx
INFO: [IP_Flow 19-234] Refreshing IP repositories
INFO: [IP_Flow 19-1704] No user IP repositories specified
INFO: [IP_Flow 19-2313] Loaded Vivado IP repository 'D:/Xilinx/Vivado/2019.2/data/ip'.
INFO: [DRC 23-27] Running DRC with 2 threads
INFO: [Coretcl 2-168] The results of DRC are in file E:/la32r_soc_ciciec/fpga/project/Loongson_Soc.runs/impl_1/soc_top_drc_opted.rpt.
report_drc completed successfully
Command: place_design
Attempting to get a license for feature 'Implementation' and/or device 'xc7a200t'
INFO: [Common 17-349] Got license for feature 'Implementation' and/or device 'xc7a200t'
INFO: [DRC 23-27] Running DRC with 2 threads
INFO: [Vivado_Tcl 4-198] DRC finished with 0 Errors
INFO: [Vivado_Tcl 4-199] Please refer to the DRC report (report_drc) for more information.
Running DRC as a precondition to command place_design
INFO: [DRC 23-27] Running DRC with 2 threads
WARNING: [DRC CHECK-3] Report rule limit reached: REQP-1840 rule limit reached: 20 violations have been found.
WARNING: [DRC REQP-1840] RAMB18 async control check: The RAMB18E1 u_cpu/dcache/data_ram_way[0].data_ram_bank[0].u/mem_reg_reg has an input control pin u_cpu/dcache/data_ram_way[0].data_ram_bank[0].u/mem_reg_reg/ADDRARDADDR[10] (net: u_cpu/dcache/data_ram_way[0].data_ram_bank[0].u/way_bank_addra[0][0]_26[5]) which is driven by a register (u_axi_cdc/rFifo/popCC_addressGen_rValid_reg) that has an active asychronous set or reset. This may cause corruption of the memory contents and/or read values when the set/reset is asserted and is not analyzed by the default static timing analysis. It is suggested to eliminate the use of a set/reset to registers driving this RAMB pin or else use a synchronous reset in which the assertion of the reset is timed by default.
WARNING: [DRC REQP-1840] RAMB18 async control check: The RAMB18E1 u_cpu/dcache/data_ram_way[0].data_ram_bank[0].u/mem_reg_reg has an input control pin u_cpu/dcache/data_ram_way[0].data_ram_bank[0].u/mem_reg_reg/ADDRARDADDR[11] (net: u_cpu/dcache/data_ram_way[0].data_ram_bank[0].u/way_bank_addra[0][0]_26[6]) which is driven by a register (u_axi_cdc/rFifo/popCC_addressGen_rValid_reg) that has an active asychronous set or reset. This may cause corruption of the memory contents and/or read values when the set/reset is asserted and is not analyzed by the default static timing analysis. It is suggested to eliminate the use of a set/reset to registers driving this RAMB pin or else use a synchronous reset in which the assertion of the reset is timed by default.
WARNING: [DRC REQP-1840] RAMB18 async control check: The RAMB18E1 u_cpu/dcache/data_ram_way[0].data_ram_bank[0].u/mem_reg_reg has an input control pin u_cpu/dcache/data_ram_way[0].data_ram_bank[0].u/mem_reg_reg/ADDRARDADDR[12] (net: u_cpu/dcache/data_ram_way[0].data_ram_bank[0].u/way_bank_addra[0][0]_26[7]) which is driven by a register (u_axi_cdc/rFifo/popCC_addressGen_rValid_reg) that has an active asychronous set or reset. This may cause corruption of the memory contents and/or read values when the set/reset is asserted and is not analyzed by the default static timing analysis. It is suggested to eliminate the use of a set/reset to registers driving this RAMB pin or else use a synchronous reset in which the assertion of the reset is timed by default.
WARNING: [DRC REQP-1840] RAMB18 async control check: The RAMB18E1 u_cpu/dcache/data_ram_way[0].data_ram_bank[0].u/mem_reg_reg has an input control pin u_cpu/dcache/data_ram_way[0].data_ram_bank[0].u/mem_reg_reg/ADDRARDADDR[5] (net: u_cpu/dcache/data_ram_way[0].data_ram_bank[0].u/way_bank_addra[0][0]_26[0]) which is driven by a register (u_axi_cdc/rFifo/popCC_addressGen_rValid_reg) that has an active asychronous set or reset. This may cause corruption of the memory contents and/or read values when the set/reset is asserted and is not analyzed by the default static timing analysis. It is suggested to eliminate the use of a set/reset to registers driving this RAMB pin or else use a synchronous reset in which the assertion of the reset is timed by default.
WARNING: [DRC REQP-1840] RAMB18 async control check: The RAMB18E1 u_cpu/dcache/data_ram_way[0].data_ram_bank[0].u/mem_reg_reg has an input control pin u_cpu/dcache/data_ram_way[0].data_ram_bank[0].u/mem_reg_reg/ADDRARDADDR[6] (net: u_cpu/dcache/data_ram_way[0].data_ram_bank[0].u/way_bank_addra[0][0]_26[1]) which is driven by a register (u_axi_cdc/rFifo/popCC_addressGen_rValid_reg) that has an active asychronous set or reset. This may cause corruption of the memory contents and/or read values when the set/reset is asserted and is not analyzed by the default static timing analysis. It is suggested to eliminate the use of a set/reset to registers driving this RAMB pin or else use a synchronous reset in which the assertion of the reset is timed by default.
WARNING: [DRC REQP-1840] RAMB18 async control check: The RAMB18E1 u_cpu/dcache/data_ram_way[0].data_ram_bank[0].u/mem_reg_reg has an input control pin u_cpu/dcache/data_ram_way[0].data_ram_bank[0].u/mem_reg_reg/ADDRARDADDR[7] (net: u_cpu/dcache/data_ram_way[0].data_ram_bank[0].u/way_bank_addra[0][0]_26[2]) which is driven by a register (u_axi_cdc/rFifo/popCC_addressGen_rValid_reg) that has an active asychronous set or reset. This may cause corruption of the memory contents and/or read values when the set/reset is asserted and is not analyzed by the default static timing analysis. It is suggested to eliminate the use of a set/reset to registers driving this RAMB pin or else use a synchronous reset in which the assertion of the reset is timed by default.
WARNING: [DRC REQP-1840] RAMB18 async control check: The RAMB18E1 u_cpu/dcache/data_ram_way[0].data_ram_bank[0].u/mem_reg_reg has an input control pin u_cpu/dcache/data_ram_way[0].data_ram_bank[0].u/mem_reg_reg/ADDRARDADDR[8] (net: u_cpu/dcache/data_ram_way[0].data_ram_bank[0].u/way_bank_addra[0][0]_26[3]) which is driven by a register (u_axi_cdc/rFifo/popCC_addressGen_rValid_reg) that has an active asychronous set or reset. This may cause corruption of the memory contents and/or read values when the set/reset is asserted and is not analyzed by the default static timing analysis. It is suggested to eliminate the use of a set/reset to registers driving this RAMB pin or else use a synchronous reset in which the assertion of the reset is timed by default.
WARNING: [DRC REQP-1840] RAMB18 async control check: The RAMB18E1 u_cpu/dcache/data_ram_way[0].data_ram_bank[0].u/mem_reg_reg has an input control pin u_cpu/dcache/data_ram_way[0].data_ram_bank[0].u/mem_reg_reg/ADDRARDADDR[9] (net: u_cpu/dcache/data_ram_way[0].data_ram_bank[0].u/way_bank_addra[0][0]_26[4]) which is driven by a register (u_axi_cdc/rFifo/popCC_addressGen_rValid_reg) that has an active asychronous set or reset. This may cause corruption of the memory contents and/or read values when the set/reset is asserted and is not analyzed by the default static timing analysis. It is suggested to eliminate the use of a set/reset to registers driving this RAMB pin or else use a synchronous reset in which the assertion of the reset is timed by default.
WARNING: [DRC REQP-1840] RAMB18 async control check: The RAMB18E1 u_cpu/dcache/data_ram_way[0].data_ram_bank[0].u/mem_reg_reg has an input control pin u_cpu/dcache/data_ram_way[0].data_ram_bank[0].u/mem_reg_reg/ADDRBWRADDR[10] (net: u_cpu/dcache/data_ram_way[0].data_ram_bank[0].u/way_bank_addra[0][0]_26[5]) which is driven by a register (u_axi_cdc/rFifo/popCC_addressGen_rValid_reg) that has an active asychronous set or reset. This may cause corruption of the memory contents and/or read values when the set/reset is asserted and is not analyzed by the default static timing analysis. It is suggested to eliminate the use of a set/reset to registers driving this RAMB pin or else use a synchronous reset in which the assertion of the reset is timed by default.
WARNING: [DRC REQP-1840] RAMB18 async control check: The RAMB18E1 u_cpu/dcache/data_ram_way[0].data_ram_bank[0].u/mem_reg_reg has an input control pin u_cpu/dcache/data_ram_way[0].data_ram_bank[0].u/mem_reg_reg/ADDRBWRADDR[11] (net: u_cpu/dcache/data_ram_way[0].data_ram_bank[0].u/way_bank_addra[0][0]_26[6]) which is driven by a register (u_axi_cdc/rFifo/popCC_addressGen_rValid_reg) that has an active asychronous set or reset. This may cause corruption of the memory contents and/or read values when the set/reset is asserted and is not analyzed by the default static timing analysis. It is suggested to eliminate the use of a set/reset to registers driving this RAMB pin or else use a synchronous reset in which the assertion of the reset is timed by default.
WARNING: [DRC REQP-1840] RAMB18 async control check: The RAMB18E1 u_cpu/dcache/data_ram_way[0].data_ram_bank[0].u/mem_reg_reg has an input control pin u_cpu/dcache/data_ram_way[0].data_ram_bank[0].u/mem_reg_reg/ADDRBWRADDR[12] (net: u_cpu/dcache/data_ram_way[0].data_ram_bank[0].u/way_bank_addra[0][0]_26[7]) which is driven by a register (u_axi_cdc/rFifo/popCC_addressGen_rValid_reg) that has an active asychronous set or reset. This may cause corruption of the memory contents and/or read values when the set/reset is asserted and is not analyzed by the default static timing analysis. It is suggested to eliminate the use of a set/reset to registers driving this RAMB pin or else use a synchronous reset in which the assertion of the reset is timed by default.
WARNING: [DRC REQP-1840] RAMB18 async control check: The RAMB18E1 u_cpu/dcache/data_ram_way[0].data_ram_bank[0].u/mem_reg_reg has an input control pin u_cpu/dcache/data_ram_way[0].data_ram_bank[0].u/mem_reg_reg/ADDRBWRADDR[5] (net: u_cpu/dcache/data_ram_way[0].data_ram_bank[0].u/way_bank_addra[0][0]_26[0]) which is driven by a register (u_axi_cdc/rFifo/popCC_addressGen_rValid_reg) that has an active asychronous set or reset. This may cause corruption of the memory contents and/or read values when the set/reset is asserted and is not analyzed by the default static timing analysis. It is suggested to eliminate the use of a set/reset to registers driving this RAMB pin or else use a synchronous reset in which the assertion of the reset is timed by default.
WARNING: [DRC REQP-1840] RAMB18 async control check: The RAMB18E1 u_cpu/dcache/data_ram_way[0].data_ram_bank[0].u/mem_reg_reg has an input control pin u_cpu/dcache/data_ram_way[0].data_ram_bank[0].u/mem_reg_reg/ADDRBWRADDR[6] (net: u_cpu/dcache/data_ram_way[0].data_ram_bank[0].u/way_bank_addra[0][0]_26[1]) which is driven by a register (u_axi_cdc/rFifo/popCC_addressGen_rValid_reg) that has an active asychronous set or reset. This may cause corruption of the memory contents and/or read values when the set/reset is asserted and is not analyzed by the default static timing analysis. It is suggested to eliminate the use of a set/reset to registers driving this RAMB pin or else use a synchronous reset in which the assertion of the reset is timed by default.
WARNING: [DRC REQP-1840] RAMB18 async control check: The RAMB18E1 u_cpu/dcache/data_ram_way[0].data_ram_bank[0].u/mem_reg_reg has an input control pin u_cpu/dcache/data_ram_way[0].data_ram_bank[0].u/mem_reg_reg/ADDRBWRADDR[7] (net: u_cpu/dcache/data_ram_way[0].data_ram_bank[0].u/way_bank_addra[0][0]_26[2]) which is driven by a register (u_axi_cdc/rFifo/popCC_addressGen_rValid_reg) that has an active asychronous set or reset. This may cause corruption of the memory contents and/or read values when the set/reset is asserted and is not analyzed by the default static timing analysis. It is suggested to eliminate the use of a set/reset to registers driving this RAMB pin or else use a synchronous reset in which the assertion of the reset is timed by default.
WARNING: [DRC REQP-1840] RAMB18 async control check: The RAMB18E1 u_cpu/dcache/data_ram_way[0].data_ram_bank[0].u/mem_reg_reg has an input control pin u_cpu/dcache/data_ram_way[0].data_ram_bank[0].u/mem_reg_reg/ADDRBWRADDR[8] (net: u_cpu/dcache/data_ram_way[0].data_ram_bank[0].u/way_bank_addra[0][0]_26[3]) which is driven by a register (u_axi_cdc/rFifo/popCC_addressGen_rValid_reg) that has an active asychronous set or reset. This may cause corruption of the memory contents and/or read values when the set/reset is asserted and is not analyzed by the default static timing analysis. It is suggested to eliminate the use of a set/reset to registers driving this RAMB pin or else use a synchronous reset in which the assertion of the reset is timed by default.
WARNING: [DRC REQP-1840] RAMB18 async control check: The RAMB18E1 u_cpu/dcache/data_ram_way[0].data_ram_bank[0].u/mem_reg_reg has an input control pin u_cpu/dcache/data_ram_way[0].data_ram_bank[0].u/mem_reg_reg/ADDRBWRADDR[9] (net: u_cpu/dcache/data_ram_way[0].data_ram_bank[0].u/way_bank_addra[0][0]_26[4]) which is driven by a register (u_axi_cdc/rFifo/popCC_addressGen_rValid_reg) that has an active asychronous set or reset. This may cause corruption of the memory contents and/or read values when the set/reset is asserted and is not analyzed by the default static timing analysis. It is suggested to eliminate the use of a set/reset to registers driving this RAMB pin or else use a synchronous reset in which the assertion of the reset is timed by default.
WARNING: [DRC REQP-1840] RAMB18 async control check: The RAMB18E1 u_cpu/dcache/data_ram_way[0].data_ram_bank[0].u/mem_reg_reg has an input control pin u_cpu/dcache/data_ram_way[0].data_ram_bank[0].u/mem_reg_reg/ENARDEN (net: u_cpu/dcache/data_ram_way[0].data_ram_bank[0].u/mem_reg_reg_i_1__15_n_0) which is driven by a register (u_axi_cdc/rFifo/popCC_addressGen_rValid_reg) that has an active asychronous set or reset. This may cause corruption of the memory contents and/or read values when the set/reset is asserted and is not analyzed by the default static timing analysis. It is suggested to eliminate the use of a set/reset to registers driving this RAMB pin or else use a synchronous reset in which the assertion of the reset is timed by default.
WARNING: [DRC REQP-1840] RAMB18 async control check: The RAMB18E1 u_cpu/dcache/data_ram_way[0].data_ram_bank[0].u/mem_reg_reg has an input control pin u_cpu/dcache/data_ram_way[0].data_ram_bank[0].u/mem_reg_reg/ENBWREN (net: u_cpu/dcache/data_ram_way[0].data_ram_bank[0].u/mem_reg_reg_i_2__13_n_0) which is driven by a register (u_axi_cdc/rFifo/popCC_addressGen_rValid_reg) that has an active asychronous set or reset. This may cause corruption of the memory contents and/or read values when the set/reset is asserted and is not analyzed by the default static timing analysis. It is suggested to eliminate the use of a set/reset to registers driving this RAMB pin or else use a synchronous reset in which the assertion of the reset is timed by default.
WARNING: [DRC REQP-1840] RAMB18 async control check: The RAMB18E1 u_cpu/dcache/data_ram_way[0].data_ram_bank[0].u/mem_reg_reg has an input control pin u_cpu/dcache/data_ram_way[0].data_ram_bank[0].u/mem_reg_reg/WEBWE[2] (net: u_cpu/dcache/data_ram_way[0].data_ram_bank[0].u/way_bank_wea[0][0]_14[2]) which is driven by a register (u_axi_cdc/rFifo/popCC_addressGen_rValid_reg) that has an active asychronous set or reset. This may cause corruption of the memory contents and/or read values when the set/reset is asserted and is not analyzed by the default static timing analysis. It is suggested to eliminate the use of a set/reset to registers driving this RAMB pin or else use a synchronous reset in which the assertion of the reset is timed by default.
WARNING: [DRC REQP-1840] RAMB18 async control check: The RAMB18E1 u_cpu/dcache/data_ram_way[0].data_ram_bank[0].u/mem_reg_reg has an input control pin u_cpu/dcache/data_ram_way[0].data_ram_bank[0].u/mem_reg_reg/WEBWE[3] (net: u_cpu/dcache/data_ram_way[0].data_ram_bank[0].u/way_bank_wea[0][0]_14[3]) which is driven by a register (u_axi_cdc/rFifo/popCC_addressGen_rValid_reg) that has an active asychronous set or reset. This may cause corruption of the memory contents and/or read values when the set/reset is asserted and is not analyzed by the default static timing analysis. It is suggested to eliminate the use of a set/reset to registers driving this RAMB pin or else use a synchronous reset in which the assertion of the reset is timed by default.
INFO: [Vivado_Tcl 4-198] DRC finished with 0 Errors, 21 Warnings
INFO: [Vivado_Tcl 4-199] Please refer to the DRC report (report_drc) for more information.

Starting Placer Task
INFO: [Place 30-611] Multithreading enabled for place_design using a maximum of 2 CPUs

Phase 1 Placer Initialization

Phase 1.1 Placer Initialization Netlist Sorting
Netlist sorting complete. Time (s): cpu = 00:00:00 ; elapsed = 00:00:00.003 . Memory (MB): peak = 2013.953 ; gain = 0.000
Phase 1.1 Placer Initialization Netlist Sorting | Checksum: 18456d11c

Time (s): cpu = 00:00:00 ; elapsed = 00:00:00.011 . Memory (MB): peak = 2013.953 ; gain = 0.000
Netlist sorting complete. Time (s): cpu = 00:00:00 ; elapsed = 00:00:00.002 . Memory (MB): peak = 2013.953 ; gain = 0.000

Phase 1.2 IO Placement/ Clock Placement/ Build Placer Device
INFO: [Timing 38-35] Done setting XDC timing constraints.
Phase 1.2 IO Placement/ Clock Placement/ Build Placer Device | Checksum: 1595b86cb

Time (s): cpu = 00:00:03 ; elapsed = 00:00:03 . Memory (MB): peak = 2013.953 ; gain = 0.000

Phase 1.3 Build Placer Netlist Model
Phase 1.3 Build Placer Netlist Model | Checksum: 2480d03a3

Time (s): cpu = 00:00:05 ; elapsed = 00:00:05 . Memory (MB): peak = 2013.953 ; gain = 0.000

Phase 1.4 Constrain Clocks/Macros
Phase 1.4 Constrain Clocks/Macros | Checksum: 2480d03a3

Time (s): cpu = 00:00:05 ; elapsed = 00:00:05 . Memory (MB): peak = 2013.953 ; gain = 0.000
Phase 1 Placer Initialization | Checksum: 2480d03a3

Time (s): cpu = 00:00:05 ; elapsed = 00:00:05 . Memory (MB): peak = 2013.953 ; gain = 0.000

Phase 2 Global Placement

Phase 2.1 Floorplanning
Phase 2.1 Floorplanning | Checksum: 1c0fdcb39

Time (s): cpu = 00:00:05 ; elapsed = 00:00:06 . Memory (MB): peak = 2013.953 ; gain = 0.000

Phase 2.2 Global Placement Core

Phase 2.2.1 Physical Synthesis In Placer
INFO: [Physopt 32-1018] Found 245 candidate LUT instances to create LUTNM shape
INFO: [Physopt 32-775] End 1 Pass. Optimized 170 nets or cells. Created 80 new cells, deleted 90 existing cells and moved 0 existing cell
INFO: [Physopt 32-65] No nets found for high-fanout optimization.
INFO: [Physopt 32-232] Optimized 0 net. Created 0 new instance.
INFO: [Physopt 32-775] End 1 Pass. Optimized 0 net or cell. Created 0 new cell, deleted 0 existing cell and moved 0 existing cell
INFO: [Physopt 32-117] Net u_cpu/icache/tagv_ram_way[1].u/ADDRBWRADDR[3] could not be optimized because driver u_cpu/icache/tagv_ram_way[1].u/mem_reg_reg_i_7 could not be replicated
INFO: [Physopt 32-117] Net u_cpu/icache/tagv_ram_way[1].u/ADDRBWRADDR[1] could not be optimized because driver u_cpu/icache/tagv_ram_way[1].u/mem_reg_reg_i_9 could not be replicated
INFO: [Physopt 32-117] Net u_cpu/icache/tagv_ram_way[1].u/ADDRBWRADDR[0] could not be optimized because driver u_cpu/icache/tagv_ram_way[1].u/mem_reg_reg_i_10 could not be replicated
INFO: [Physopt 32-117] Net u_cpu/icache/tagv_ram_way[1].u/ADDRBWRADDR[5] could not be optimized because driver u_cpu/icache/tagv_ram_way[1].u/mem_reg_reg_i_5 could not be replicated
INFO: [Physopt 32-117] Net u_cpu/icache/tagv_ram_way[1].u/ADDRBWRADDR[6] could not be optimized because driver u_cpu/icache/tagv_ram_way[1].u/mem_reg_reg_i_4 could not be replicated
INFO: [Physopt 32-117] Net u_cpu/icache/tagv_ram_way[1].u/ADDRBWRADDR[4] could not be optimized because driver u_cpu/icache/tagv_ram_way[1].u/mem_reg_reg_i_6 could not be replicated
INFO: [Physopt 32-117] Net u_cpu/icache/tagv_ram_way[1].u/ADDRBWRADDR[2] could not be optimized because driver u_cpu/icache/tagv_ram_way[1].u/mem_reg_reg_i_8 could not be replicated
INFO: [Physopt 32-117] Net u_cpu/icache/tagv_ram_way[1].u/ADDRBWRADDR[7] could not be optimized because driver u_cpu/icache/tagv_ram_way[1].u/mem_reg_reg_i_3 could not be replicated
INFO: [Physopt 32-68] No nets found for critical-cell optimization.
INFO: [Physopt 32-232] Optimized 0 net. Created 0 new instance.
INFO: [Physopt 32-775] End 1 Pass. Optimized 0 net or cell. Created 0 new cell, deleted 0 existing cell and moved 0 existing cell
INFO: [Physopt 32-456] No candidate cells for DSP register optimization found in the design.
INFO: [Physopt 32-775] End 2 Pass. Optimized 0 net or cell. Created 0 new cell, deleted 0 existing cell and moved 0 existing cell
INFO: [Physopt 32-775] End 1 Pass. Optimized 0 net or cell. Created 0 new cell, deleted 0 existing cell and moved 0 existing cell
INFO: [Physopt 32-677] No candidate cells for Shift Register optimization found in the design
INFO: [Physopt 32-775] End 1 Pass. Optimized 0 net or cell. Created 0 new cell, deleted 0 existing cell and moved 0 existing cell
INFO: [Physopt 32-526] No candidate cells for BRAM register optimization found in the design
INFO: [Physopt 32-775] End 1 Pass. Optimized 0 net or cell. Created 0 new cell, deleted 0 existing cell and moved 0 existing cell
INFO: [Physopt 32-949] No candidate nets found for HD net replication
INFO: [Physopt 32-775] End 1 Pass. Optimized 0 net or cell. Created 0 new cell, deleted 0 existing cell and moved 0 existing cell
Netlist sorting complete. Time (s): cpu = 00:00:00 ; elapsed = 00:00:00.003 . Memory (MB): peak = 2013.953 ; gain = 0.000

Summary of Physical Synthesis Optimizations
============================================


-----------------------------------------------------------------------------------------------------------------------------------------------------------
|  Optimization                                     |  Added Cells  |  Removed Cells  |  Optimized Cells/Nets  |  Dont Touch  |  Iterations  |  Elapsed   |
-----------------------------------------------------------------------------------------------------------------------------------------------------------
|  LUT Combining                                    |           80  |             90  |                   170  |           0  |           1  |  00:00:00  |
|  Very High Fanout                                 |            0  |              0  |                     0  |           0  |           1  |  00:00:00  |
|  Critical Cell                                    |            0  |              0  |                     0  |           0  |           1  |  00:00:00  |
|  DSP Register                                     |            0  |              0  |                     0  |           0  |           1  |  00:00:00  |
|  Shift Register to Pipeline                       |            0  |              0  |                     0  |           0  |           1  |  00:00:00  |
|  Shift Register                                   |            0  |              0  |                     0  |           0  |           1  |  00:00:00  |
|  BRAM Register                                    |            0  |              0  |                     0  |           0  |           1  |  00:00:00  |
|  Dynamic/Static Region Interface Net Replication  |            0  |              0  |                     0  |           0  |           1  |  00:00:00  |
|  Total                                            |           80  |             90  |                   170  |           0  |           8  |  00:00:00  |
-----------------------------------------------------------------------------------------------------------------------------------------------------------


Phase 2.2.1 Physical Synthesis In Placer | Checksum: 2b46bf56b

Time (s): cpu = 00:00:16 ; elapsed = 00:00:18 . Memory (MB): peak = 2013.953 ; gain = 0.000
Phase 2.2 Global Placement Core | Checksum: 2a1971700

Time (s): cpu = 00:00:17 ; elapsed = 00:00:20 . Memory (MB): peak = 2013.953 ; gain = 0.000
Phase 2 Global Placement | Checksum: 2a1971700

Time (s): cpu = 00:00:17 ; elapsed = 00:00:20 . Memory (MB): peak = 2013.953 ; gain = 0.000

Phase 3 Detail Placement

Phase 3.1 Commit Multi Column Macros
Phase 3.1 Commit Multi Column Macros | Checksum: 22d6bde9f

Time (s): cpu = 00:00:18 ; elapsed = 00:00:21 . Memory (MB): peak = 2013.953 ; gain = 0.000

Phase 3.2 Commit Most Macros & LUTRAMs
Phase 3.2 Commit Most Macros & LUTRAMs | Checksum: 21ce33fe1

Time (s): cpu = 00:00:18 ; elapsed = 00:00:23 . Memory (MB): peak = 2013.953 ; gain = 0.000

Phase 3.3 Area Swap Optimization
Phase 3.3 Area Swap Optimization | Checksum: 2233f1fe4

Time (s): cpu = 00:00:19 ; elapsed = 00:00:23 . Memory (MB): peak = 2013.953 ; gain = 0.000

Phase 3.4 Pipeline Register Optimization
Phase 3.4 Pipeline Register Optimization | Checksum: 21c473953

Time (s): cpu = 00:00:19 ; elapsed = 00:00:23 . Memory (MB): peak = 2013.953 ; gain = 0.000

Phase 3.5 Fast Optimization
Phase 3.5 Fast Optimization | Checksum: 18fd89e58

Time (s): cpu = 00:00:20 ; elapsed = 00:00:28 . Memory (MB): peak = 2013.953 ; gain = 0.000

Phase 3.6 Small Shape Detail Placement
Phase 3.6 Small Shape Detail Placement | Checksum: 17b9bce96

Time (s): cpu = 00:00:24 ; elapsed = 00:00:35 . Memory (MB): peak = 2013.953 ; gain = 0.000

Phase 3.7 Re-assign LUT pins
Phase 3.7 Re-assign LUT pins | Checksum: 12688371d

Time (s): cpu = 00:00:24 ; elapsed = 00:00:36 . Memory (MB): peak = 2013.953 ; gain = 0.000

Phase 3.8 Pipeline Register Optimization
Phase 3.8 Pipeline Register Optimization | Checksum: 242cb92dc

Time (s): cpu = 00:00:24 ; elapsed = 00:00:36 . Memory (MB): peak = 2013.953 ; gain = 0.000

Phase 3.9 Fast Optimization
Phase 3.9 Fast Optimization | Checksum: 2050c73a3

Time (s): cpu = 00:00:26 ; elapsed = 00:00:40 . Memory (MB): peak = 2013.953 ; gain = 0.000
Phase 3 Detail Placement | Checksum: 2050c73a3

Time (s): cpu = 00:00:26 ; elapsed = 00:00:40 . Memory (MB): peak = 2013.953 ; gain = 0.000

Phase 4 Post Placement Optimization and Clean-Up

Phase 4.1 Post Commit Optimization
INFO: [Timing 38-35] Done setting XDC timing constraints.

Phase 4.1.1 Post Placement Optimization
Post Placement Optimization Initialization | Checksum: 11feae881

Phase 4.1.1.1 BUFG Insertion
INFO: [Place 46-56] BUFG insertion identified 0 candidate nets. Inserted BUFG: 0, Replicated BUFG Driver: 0, Skipped due to Placement/Routing Conflicts: 0, Skipped due to Timing Degradation: 0, Skipped due to Illegal Netlist: 0.
Phase 4.1.1.1 BUFG Insertion | Checksum: 11feae881

Time (s): cpu = 00:00:27 ; elapsed = 00:00:43 . Memory (MB): peak = 2013.953 ; gain = 0.000
INFO: [Place 30-746] Post Placement Timing Summary WNS=0.222. For the most accurate timing information please run report_timing.
Phase 4.1.1 Post Placement Optimization | Checksum: 1389ac764

Time (s): cpu = 00:00:29 ; elapsed = 00:00:46 . Memory (MB): peak = 2013.953 ; gain = 0.000
Phase 4.1 Post Commit Optimization | Checksum: 1389ac764

Time (s): cpu = 00:00:29 ; elapsed = 00:00:46 . Memory (MB): peak = 2013.953 ; gain = 0.000

Phase 4.2 Post Placement Cleanup
Phase 4.2 Post Placement Cleanup | Checksum: 1389ac764

Time (s): cpu = 00:00:30 ; elapsed = 00:00:47 . Memory (MB): peak = 2013.953 ; gain = 0.000

Phase 4.3 Placer Reporting
Phase 4.3 Placer Reporting | Checksum: 1389ac764

Time (s): cpu = 00:00:30 ; elapsed = 00:00:47 . Memory (MB): peak = 2013.953 ; gain = 0.000

Phase 4.4 Final Placement Cleanup
Netlist sorting complete. Time (s): cpu = 00:00:00 ; elapsed = 00:00:00.003 . Memory (MB): peak = 2013.953 ; gain = 0.000
Phase 4.4 Final Placement Cleanup | Checksum: 206700cf1

Time (s): cpu = 00:00:30 ; elapsed = 00:00:47 . Memory (MB): peak = 2013.953 ; gain = 0.000
Phase 4 Post Placement Optimization and Clean-Up | Checksum: 206700cf1

Time (s): cpu = 00:00:30 ; elapsed = 00:00:47 . Memory (MB): peak = 2013.953 ; gain = 0.000
Ending Placer Task | Checksum: 137830ffe

Time (s): cpu = 00:00:30 ; elapsed = 00:00:47 . Memory (MB): peak = 2013.953 ; gain = 0.000
INFO: [Common 17-83] Releasing license: Implementation
83 Infos, 22 Warnings, 2 Critical Warnings and 0 Errors encountered.
place_design completed successfully
place_design: Time (s): cpu = 00:00:32 ; elapsed = 00:00:48 . Memory (MB): peak = 2013.953 ; gain = 0.000
Netlist sorting complete. Time (s): cpu = 00:00:00 ; elapsed = 00:00:00.003 . Memory (MB): peak = 2013.953 ; gain = 0.000
INFO: [Timing 38-480] Writing timing data to binary archive.
Writing placer database...
Writing XDEF routing.
Writing XDEF routing logical nets.
Writing XDEF routing special nets.
Write XDEF Complete: Time (s): cpu = 00:00:03 ; elapsed = 00:00:01 . Memory (MB): peak = 2013.953 ; gain = 0.000
INFO: [Common 17-1381] The checkpoint 'E:/la32r_soc_ciciec/fpga/project/Loongson_Soc.runs/impl_1/soc_top_placed.dcp' has been generated.
INFO: [runtcl-4] Executing : report_io -file soc_top_io_placed.rpt
report_io: Time (s): cpu = 00:00:00 ; elapsed = 00:00:00.117 . Memory (MB): peak = 2013.953 ; gain = 0.000
INFO: [runtcl-4] Executing : report_utilization -file soc_top_utilization_placed.rpt -pb soc_top_utilization_placed.pb
INFO: [runtcl-4] Executing : report_control_sets -verbose -file soc_top_control_sets_placed.rpt
report_control_sets: Time (s): cpu = 00:00:00 ; elapsed = 00:00:00.024 . Memory (MB): peak = 2013.953 ; gain = 0.000
Command: phys_opt_design
Attempting to get a license for feature 'Implementation' and/or device 'xc7a200t'
INFO: [Common 17-349] Got license for feature 'Implementation' and/or device 'xc7a200t'
Netlist sorting complete. Time (s): cpu = 00:00:00 ; elapsed = 00:00:00.003 . Memory (MB): peak = 2013.953 ; gain = 0.000

Starting Physical Synthesis Task

Phase 1 Physical Synthesis Initialization
INFO: [Physopt 32-721] Multithreading enabled for phys_opt_design using a maximum of 2 CPUs
INFO: [Physopt 32-619] Estimated Timing Summary | WNS=0.222 | TNS=0.000 |
Phase 1 Physical Synthesis Initialization | Checksum: 1dba8ef19

Time (s): cpu = 00:00:02 ; elapsed = 00:00:02 . Memory (MB): peak = 2013.953 ; gain = 0.000
INFO: [Physopt 32-619] Estimated Timing Summary | WNS=0.222 | TNS=0.000 |

Phase 2 DSP Register Optimization
INFO: [Physopt 32-670] No setup violation found.  DSP Register Optimization was not performed.
Phase 2 DSP Register Optimization | Checksum: 1dba8ef19

Time (s): cpu = 00:00:02 ; elapsed = 00:00:02 . Memory (MB): peak = 2013.953 ; gain = 0.000

Phase 3 Critical Path Optimization
INFO: [Physopt 32-619] Estimated Timing Summary | WNS=0.222 | TNS=0.000 |
INFO: [Physopt 32-619] Estimated Timing Summary | WNS=0.222 | TNS=0.000 |
Phase 3 Critical Path Optimization | Checksum: 1dba8ef19

Time (s): cpu = 00:00:02 ; elapsed = 00:00:02 . Memory (MB): peak = 2013.953 ; gain = 0.000
Netlist sorting complete. Time (s): cpu = 00:00:00 ; elapsed = 00:00:00.003 . Memory (MB): peak = 2013.953 ; gain = 0.000
INFO: [Physopt 32-603] Post Physical Optimization Timing Summary | WNS=0.222 | TNS=0.000 |

Summary of Physical Synthesis Optimizations
============================================


-------------------------------------------------------------------------------------------------------------------------------------------------------------
|  Optimization   |  WNS Gain (ns)  |  TNS Gain (ns)  |  Added Cells  |  Removed Cells  |  Optimized Cells/Nets  |  Dont Touch  |  Iterations  |  Elapsed   |
-------------------------------------------------------------------------------------------------------------------------------------------------------------
|  DSP Register   |          0.000  |          0.000  |            0  |              0  |                     0  |           0  |           0  |  00:00:00  |
|  Critical Path  |          0.000  |          0.000  |            0  |              0  |                     0  |           0  |           1  |  00:00:00  |
|  Total          |          0.000  |          0.000  |            0  |              0  |                     0  |           0  |           1  |  00:00:00  |
-------------------------------------------------------------------------------------------------------------------------------------------------------------


Netlist sorting complete. Time (s): cpu = 00:00:00 ; elapsed = 00:00:00.003 . Memory (MB): peak = 2013.953 ; gain = 0.000
Ending Physical Synthesis Task | Checksum: 1dba8ef19

Time (s): cpu = 00:00:03 ; elapsed = 00:00:02 . Memory (MB): peak = 2013.953 ; gain = 0.000
INFO: [Common 17-83] Releasing license: Implementation
97 Infos, 22 Warnings, 2 Critical Warnings and 0 Errors encountered.
phys_opt_design completed successfully
Netlist sorting complete. Time (s): cpu = 00:00:00 ; elapsed = 00:00:00.003 . Memory (MB): peak = 2013.953 ; gain = 0.000
INFO: [Timing 38-480] Writing timing data to binary archive.
Writing placer database...
Writing XDEF routing.
Writing XDEF routing logical nets.
Writing XDEF routing special nets.
Write XDEF Complete: Time (s): cpu = 00:00:03 ; elapsed = 00:00:01 . Memory (MB): peak = 2013.953 ; gain = 0.000
INFO: [Common 17-1381] The checkpoint 'E:/la32r_soc_ciciec/fpga/project/Loongson_Soc.runs/impl_1/soc_top_physopt.dcp' has been generated.
Command: route_design
Attempting to get a license for feature 'Implementation' and/or device 'xc7a200t'
INFO: [Common 17-349] Got license for feature 'Implementation' and/or device 'xc7a200t'
Running DRC as a precondition to command route_design
INFO: [DRC 23-27] Running DRC with 2 threads
INFO: [Vivado_Tcl 4-198] DRC finished with 0 Errors
INFO: [Vivado_Tcl 4-199] Please refer to the DRC report (report_drc) for more information.


Starting Routing Task
INFO: [Route 35-254] Multithreading enabled for route_design using a maximum of 2 CPUs
Checksum: PlaceDB: 4c7cfe97 ConstDB: 0 ShapeSum: 6c1c3adf RouteDB: 0

Phase 1 Build RT Design
Phase 1 Build RT Design | Checksum: 133557671

Time (s): cpu = 00:00:47 ; elapsed = 00:00:42 . Memory (MB): peak = 2115.531 ; gain = 101.578
Post Restoration Checksum: NetGraph: beff5d79 NumContArr: 745618f8 Constraints: 0 Timing: 0

Phase 2 Router Initialization

Phase 2.1 Create Timer
Phase 2.1 Create Timer | Checksum: 133557671

Time (s): cpu = 00:00:47 ; elapsed = 00:00:42 . Memory (MB): peak = 2115.531 ; gain = 101.578

Phase 2.2 Fix Topology Constraints
Phase 2.2 Fix Topology Constraints | Checksum: 133557671

Time (s): cpu = 00:00:47 ; elapsed = 00:00:42 . Memory (MB): peak = 2122.445 ; gain = 108.492

Phase 2.3 Pre Route Cleanup
Phase 2.3 Pre Route Cleanup | Checksum: 133557671

Time (s): cpu = 00:00:47 ; elapsed = 00:00:42 . Memory (MB): peak = 2122.445 ; gain = 108.492
 Number of Nodes with overlaps = 0

Phase 2.4 Update Timing
Phase 2.4 Update Timing | Checksum: 16592a6f4

Time (s): cpu = 00:00:50 ; elapsed = 00:00:47 . Memory (MB): peak = 2196.480 ; gain = 182.527
INFO: [Route 35-416] Intermediate Timing Summary | WNS=0.446  | TNS=0.000  | WHS=-0.213 | THS=-115.320|

Phase 2 Router Initialization | Checksum: 19ef213bd

Time (s): cpu = 00:00:50 ; elapsed = 00:00:48 . Memory (MB): peak = 2196.480 ; gain = 182.527

Router Utilization Summary
  Global Vertical Routing Utilization    = 0.000870533 %
  Global Horizontal Routing Utilization  = 0.000528751 %
  Routable Net Status*
  *Does not include unroutable nets such as driverless and loadless.
  Run report_route_status for detailed report.
  Number of Failed Nets               = 15301
    (Failed Nets is the sum of unrouted and partially routed nets)
  Number of Unrouted Nets             = 15298
  Number of Partially Routed Nets     = 3
  Number of Node Overlaps             = 3


Phase 3 Initial Routing
Phase 3 Initial Routing | Checksum: 1802a7e45

Time (s): cpu = 00:01:34 ; elapsed = 00:01:17 . Memory (MB): peak = 2207.387 ; gain = 193.434

Phase 4 Rip-up And Reroute

Phase 4.1 Global Iteration 0
 Number of Nodes with overlaps = 6587
 Number of Nodes with overlaps = 2304
 Number of Nodes with overlaps = 1052
 Number of Nodes with overlaps = 374
 Number of Nodes with overlaps = 248
 Number of Nodes with overlaps = 45
 Number of Nodes with overlaps = 12
 Number of Nodes with overlaps = 6
 Number of Nodes with overlaps = 0
INFO: [Route 35-416] Intermediate Timing Summary | WNS=-0.176 | TNS=-0.780 | WHS=N/A    | THS=N/A    |

Phase 4.1 Global Iteration 0 | Checksum: 16f60777c

Time (s): cpu = 00:03:19 ; elapsed = 00:02:52 . Memory (MB): peak = 2207.387 ; gain = 193.434

Phase 4.2 Global Iteration 1
 Number of Nodes with overlaps = 1878
 Number of Nodes with overlaps = 671
 Number of Nodes with overlaps = 180
 Number of Nodes with overlaps = 38
 Number of Nodes with overlaps = 12
 Number of Nodes with overlaps = 3
 Number of Nodes with overlaps = 1
 Number of Nodes with overlaps = 0
INFO: [Route 35-416] Intermediate Timing Summary | WNS=0.152  | TNS=0.000  | WHS=N/A    | THS=N/A    |

Phase 4.2 Global Iteration 1 | Checksum: 184e67b68

Time (s): cpu = 00:03:29 ; elapsed = 00:03:07 . Memory (MB): peak = 2207.387 ; gain = 193.434
Phase 4 Rip-up And Reroute | Checksum: 184e67b68

Time (s): cpu = 00:03:29 ; elapsed = 00:03:07 . Memory (MB): peak = 2207.387 ; gain = 193.434

Phase 5 Delay and Skew Optimization

Phase 5.1 Delay CleanUp
Phase 5.1 Delay CleanUp | Checksum: 184e67b68

Time (s): cpu = 00:03:29 ; elapsed = 00:03:07 . Memory (MB): peak = 2207.387 ; gain = 193.434

Phase 5.2 Clock Skew Optimization
Phase 5.2 Clock Skew Optimization | Checksum: 184e67b68

Time (s): cpu = 00:03:29 ; elapsed = 00:03:07 . Memory (MB): peak = 2207.387 ; gain = 193.434
Phase 5 Delay and Skew Optimization | Checksum: 184e67b68

Time (s): cpu = 00:03:29 ; elapsed = 00:03:07 . Memory (MB): peak = 2207.387 ; gain = 193.434

Phase 6 Post Hold Fix

Phase 6.1 Hold Fix Iter

Phase 6.1.1 Update Timing
Phase 6.1.1 Update Timing | Checksum: 2377edab3

Time (s): cpu = 00:03:30 ; elapsed = 00:03:08 . Memory (MB): peak = 2207.387 ; gain = 193.434
INFO: [Route 35-416] Intermediate Timing Summary | WNS=0.152  | TNS=0.000  | WHS=0.023  | THS=0.000  |

Phase 6.1 Hold Fix Iter | Checksum: 199b8ffcf

Time (s): cpu = 00:03:30 ; elapsed = 00:03:08 . Memory (MB): peak = 2207.387 ; gain = 193.434
Phase 6 Post Hold Fix | Checksum: 199b8ffcf

Time (s): cpu = 00:03:30 ; elapsed = 00:03:08 . Memory (MB): peak = 2207.387 ; gain = 193.434

Phase 7 Route finalize

Router Utilization Summary
  Global Vertical Routing Utilization    = 3.03555 %
  Global Horizontal Routing Utilization  = 3.32614 %
  Routable Net Status*
  *Does not include unroutable nets such as driverless and loadless.
  Run report_route_status for detailed report.
  Number of Failed Nets               = 0
    (Failed Nets is the sum of unrouted and partially routed nets)
  Number of Unrouted Nets             = 0
  Number of Partially Routed Nets     = 0
  Number of Node Overlaps             = 0

Phase 7 Route finalize | Checksum: 1ff394010

Time (s): cpu = 00:03:30 ; elapsed = 00:03:08 . Memory (MB): peak = 2207.387 ; gain = 193.434

Phase 8 Verifying routed nets

 Verification completed successfully
Phase 8 Verifying routed nets | Checksum: 1ff394010

Time (s): cpu = 00:03:30 ; elapsed = 00:03:08 . Memory (MB): peak = 2207.387 ; gain = 193.434

Phase 9 Depositing Routes
Phase 9 Depositing Routes | Checksum: 17b6704ab

Time (s): cpu = 00:03:31 ; elapsed = 00:03:09 . Memory (MB): peak = 2207.387 ; gain = 193.434

Phase 10 Post Router Timing
INFO: [Route 35-57] Estimated Timing Summary | WNS=0.152  | TNS=0.000  | WHS=0.023  | THS=0.000  |

INFO: [Route 35-327] The final timing numbers are based on the router estimated timing analysis. For a complete and accurate timing signoff, please run report_timing_summary.
Phase 10 Post Router Timing | Checksum: 17b6704ab

Time (s): cpu = 00:03:31 ; elapsed = 00:03:09 . Memory (MB): peak = 2207.387 ; gain = 193.434
INFO: [Route 35-16] Router Completed Successfully

Time (s): cpu = 00:03:31 ; elapsed = 00:03:09 . Memory (MB): peak = 2207.387 ; gain = 193.434

Routing Is Done.
INFO: [Common 17-83] Releasing license: Implementation
112 Infos, 22 Warnings, 2 Critical Warnings and 0 Errors encountered.
route_design completed successfully
route_design: Time (s): cpu = 00:03:34 ; elapsed = 00:03:11 . Memory (MB): peak = 2207.387 ; gain = 193.434
Netlist sorting complete. Time (s): cpu = 00:00:00 ; elapsed = 00:00:00.004 . Memory (MB): peak = 2207.387 ; gain = 0.000
INFO: [Timing 38-480] Writing timing data to binary archive.
Writing placer database...
Writing XDEF routing.
Writing XDEF routing logical nets.
Writing XDEF routing special nets.
Write XDEF Complete: Time (s): cpu = 00:00:04 ; elapsed = 00:00:02 . Memory (MB): peak = 2207.387 ; gain = 0.000
INFO: [Common 17-1381] The checkpoint 'E:/la32r_soc_ciciec/fpga/project/Loongson_Soc.runs/impl_1/soc_top_routed.dcp' has been generated.
INFO: [runtcl-4] Executing : report_drc -file soc_top_drc_routed.rpt -pb soc_top_drc_routed.pb -rpx soc_top_drc_routed.rpx
Command: report_drc -file soc_top_drc_routed.rpt -pb soc_top_drc_routed.pb -rpx soc_top_drc_routed.rpx
INFO: [IP_Flow 19-1839] IP Catalog is up to date.
INFO: [DRC 23-27] Running DRC with 2 threads
INFO: [Coretcl 2-168] The results of DRC are in file E:/la32r_soc_ciciec/fpga/project/Loongson_Soc.runs/impl_1/soc_top_drc_routed.rpt.
report_drc completed successfully
INFO: [runtcl-4] Executing : report_methodology -file soc_top_methodology_drc_routed.rpt -pb soc_top_methodology_drc_routed.pb -rpx soc_top_methodology_drc_routed.rpx
Command: report_methodology -file soc_top_methodology_drc_routed.rpt -pb soc_top_methodology_drc_routed.pb -rpx soc_top_methodology_drc_routed.rpx
INFO: [Timing 38-35] Done setting XDC timing constraints.
INFO: [DRC 23-133] Running Methodology with 2 threads
INFO: [Coretcl 2-1520] The results of Report Methodology are in file E:/la32r_soc_ciciec/fpga/project/Loongson_Soc.runs/impl_1/soc_top_methodology_drc_routed.rpt.
report_methodology completed successfully
report_methodology: Time (s): cpu = 00:00:06 ; elapsed = 00:00:05 . Memory (MB): peak = 2232.141 ; gain = 24.754
INFO: [runtcl-4] Executing : report_power -file soc_top_power_routed.rpt -pb soc_top_power_summary_routed.pb -rpx soc_top_power_routed.rpx
Command: report_power -file soc_top_power_routed.rpt -pb soc_top_power_summary_routed.pb -rpx soc_top_power_routed.rpx
INFO: [Timing 38-35] Done setting XDC timing constraints.
Running Vector-less Activity Propagation...

Finished Running Vector-less Activity Propagation
124 Infos, 22 Warnings, 2 Critical Warnings and 0 Errors encountered.
report_power completed successfully
report_power: Time (s): cpu = 00:00:06 ; elapsed = 00:00:06 . Memory (MB): peak = 2233.883 ; gain = 1.742
INFO: [runtcl-4] Executing : report_route_status -file soc_top_route_status.rpt -pb soc_top_route_status.pb
INFO: [runtcl-4] Executing : report_timing_summary -max_paths 10 -file soc_top_timing_summary_routed.rpt -pb soc_top_timing_summary_routed.pb -rpx soc_top_timing_summary_routed.rpx -warn_on_violation 
INFO: [Timing 38-91] UpdateTimingParams: Speed grade: -1, Delay Type: min_max.
INFO: [Timing 38-191] Multithreading enabled for timing update using a maximum of 2 CPUs
INFO: [runtcl-4] Executing : report_incremental_reuse -file soc_top_incremental_reuse_routed.rpt
INFO: [Vivado_Tcl 4-1062] Incremental flow is disabled. No incremental reuse Info to report.
INFO: [runtcl-4] Executing : report_clock_utilization -file soc_top_clock_utilization_routed.rpt
INFO: [runtcl-4] Executing : report_bus_skew -warn_on_violation -file soc_top_bus_skew_routed.rpt -pb soc_top_bus_skew_routed.pb -rpx soc_top_bus_skew_routed.rpx
INFO: [Timing 38-91] UpdateTimingParams: Speed grade: -1, Delay Type: min_max.
INFO: [Timing 38-191] Multithreading enabled for timing update using a maximum of 2 CPUs
INFO: [Common 17-206] Exiting Vivado at Thu May 15 21:59:19 2025...
