Copyright 1986-2019 Xilinx, Inc. All Rights Reserved.
------------------------------------------------------------------------------------
| Tool Version : Vivado v.2019.2 (win64) Build 2708876 Wed Nov  6 21:40:23 MST 2019
| Date         : Thu May 15 21:55:43 2025
| Host         : LAPTOP-2G409SCH running 64-bit major release  (build 9200)
| Command      : report_control_sets -verbose -file soc_top_control_sets_placed.rpt
| Design       : soc_top
| Device       : xc7a200t
------------------------------------------------------------------------------------

Control Set Information

Table of Contents
-----------------
1. Summary
2. Histogram
3. Flip-Flop Distribution
4. Detailed Control Set Information

1. Summary
----------

+----------------------------------------------------------+-------+
|                          Status                          | Count |
+----------------------------------------------------------+-------+
| Total control sets                                       |   224 |
|    Minimum number of control sets                        |   224 |
|    Addition due to synthesis replication                 |     0 |
|    Addition due to physical synthesis replication        |     0 |
| Unused register locations in slices containing registers |   555 |
+----------------------------------------------------------+-------+
* Control sets can be merged at opt_design using control_set_merge or merge_equivalent_drivers
** Run report_qor_suggestions for automated merging and remapping suggestions


2. Histogram
------------

+--------------------+-------+
|       Fanout       | Count |
+--------------------+-------+
| Total control sets |   224 |
| >= 0 to < 4        |     2 |
| >= 4 to < 6        |    29 |
| >= 6 to < 8        |     5 |
| >= 8 to < 10       |    26 |
| >= 10 to < 12      |     5 |
| >= 12 to < 14      |     1 |
| >= 14 to < 16      |     1 |
| >= 16              |   155 |
+--------------------+-------+
* Control sets can be remapped at either synth_design or opt_design


3. Flip-Flop Distribution
-------------------------

+--------------+-----------------------+------------------------+-----------------+--------------+
| Clock Enable | Synchronous Set/Reset | Asynchronous Set/Reset | Total Registers | Total Slices |
+--------------+-----------------------+------------------------+-----------------+--------------+
| No           | No                    | No                     |             232 |          134 |
| No           | No                    | Yes                    |             171 |           48 |
| No           | Yes                   | No                     |             329 |          126 |
| Yes          | No                    | No                     |            4918 |         1724 |
| Yes          | No                    | Yes                    |             125 |           50 |
| Yes          | Yes                   | No                     |             982 |          355 |
+--------------+-----------------------+------------------------+-----------------+--------------+


4. Detailed Control Set Information
-----------------------------------

+---------------------------------+------------------------------------------------------------------------------------+----------------------------------------------------------------------+------------------+----------------+
|           Clock Signal          |                                    Enable Signal                                   |                           Set/Reset Signal                           | Slice Load Count | Bel Load Count |
+---------------------------------+------------------------------------------------------------------------------------+----------------------------------------------------------------------+------------------+----------------+
|  pll_clk.u_clk_pll/inst/sys_clk |                                                                                    | pll_clk.u_rst_sys/delay[1]_i_1_n_0                                   |                1 |              2 |
|  pll_clk.u_clk_pll/inst/sys_clk |                                                                                    | pll_clk.u_rst_cpu/p_0_in                                             |                1 |              2 |
|  pll_clk.u_clk_pll/inst/sys_clk | u_axi_uart_controller/uart0/regs/receiver/FSM_sequential_rstate[3]_i_1_n_0         | pll_clk.u_rst_sys/prst                                               |                3 |              4 |
|  pll_clk.u_clk_pll/inst/sys_clk | u_axi_uart_controller/uart0/regs/receiver/fifo_rx/bottom[3]_i_1__0_n_0             | u_axi_uart_controller/uart0/regs/receiver/fifo_rx/fifo               |                1 |              4 |
|  pll_clk.u_clk_pll/inst/cpu_clk | u_cpu/id_stage/ras_ptr_reg[3][0]                                                   | u_cpu/reset                                                          |                1 |              4 |
|  pll_clk.u_clk_pll/inst/cpu_clk |                                                                                    | pll_clk.u_rst_sys/prst                                               |                2 |              4 |
|  pll_clk.u_clk_pll/inst/cpu_clk | u_cpu/wb_stage/reset_reg_6                                                         | u_cpu/wb_stage/reset_reg_11                                          |                1 |              4 |
|  pll_clk.u_clk_pll/inst/cpu_clk | u_axi_cdc/rFifo/pushToPopGray_buffercc/E[0]                                        | u_axi_cdc/bFifo/bufferCC_12/buffers_1_reg_0                          |                1 |              4 |
|  pll_clk.u_clk_pll/inst/cpu_clk | u_axi_cdc/rFifo/popCC_addressGen_rValid_reg_0                                      | u_axi_cdc/bFifo/bufferCC_12/buffers_1_reg_0                          |                1 |              4 |
|  pll_clk.u_clk_pll/inst/sys_clk |                                                                                    | u_axi_uart_controller/uart0/regs/msr[3]_i_1_n_0                      |                1 |              4 |
|  pll_clk.u_clk_pll/inst/sys_clk |                                                                                    | u_axi_uart_controller/AA_axi2apb_bridge_cpu/apb_s_wstrb[3]_i_1_n_0   |                2 |              4 |
|  pll_clk.u_clk_pll/inst/sys_clk | u_axi_cdc/arFifo/sendRsp_reg_0[0]                                                  |                                                                      |                1 |              4 |
|  pll_clk.u_clk_pll/inst/cpu_clk | u_cpu/icache/main_state[4]_i_1_n_0                                                 | u_cpu/reset                                                          |                1 |              4 |
|  pll_clk.u_clk_pll/inst/sys_clk | u_axi_uart_controller/uart0/regs/transmitter/fifo_tx/top[3]_i_2_n_0                | u_axi_uart_controller/uart0/regs/transmitter/fifo_tx/top[3]_i_1_n_0  |                1 |              4 |
|  pll_clk.u_clk_pll/inst/sys_clk | u_axi_uart_controller/uart0/regs/transmitter/fifo_tx/bottom[3]_i_1_n_0             | u_axi_uart_controller/uart0/regs/transmitter/fifo_tx/top[3]_i_1_n_0  |                1 |              4 |
|  pll_clk.u_clk_pll/inst/sys_clk | u_axi_uart_controller/uart0/regs/receiver/rcounter16[3]_i_1_n_0                    | pll_clk.u_rst_sys/prst                                               |                2 |              4 |
|  pll_clk.u_clk_pll/inst/sys_clk | u_axi_cdc/wFifo/pushToPopGray_buffercc/E[0]                                        | u_axi_cdc/awFifo/bufferCC_12/buffers_1_reg_0                         |                2 |              4 |
|  pll_clk.u_clk_pll/inst/sys_clk | u_axi_uart_controller/AA_axi2apb_bridge_cpu/lcr_reg[7]_3[0]                        | pll_clk.u_rst_sys/prst                                               |                1 |              4 |
|  pll_clk.u_clk_pll/inst/sys_clk | u_axi_cdc/wFifo/popCC_readArbitation_fire                                          | u_axi_cdc/awFifo/bufferCC_12/buffers_1_reg_0                         |                1 |              4 |
|  pll_clk.u_clk_pll/inst/sys_clk | u_axi_uart_controller/uart0/regs/receiver/fifo_rx/top[3]_i_1__0_n_0                | u_axi_uart_controller/uart0/regs/receiver/fifo_rx/fifo               |                2 |              4 |
|  pll_clk.u_clk_pll/inst/cpu_clk | u_cpu/wb_stage/ws_valid_reg_5                                                      | u_cpu/reset                                                          |                3 |              5 |
|  pll_clk.u_clk_pll/inst/sys_clk | u_axi_uart_controller/uart0/regs/receiver/rshift[4]_i_1_n_0                        | pll_clk.u_rst_sys/prst                                               |                1 |              5 |
|  pll_clk.u_clk_pll/inst/sys_clk | u_axi_uart_controller/uart0/regs/transmitter/counter[4]_i_1_n_0                    | pll_clk.u_rst_sys/prst                                               |                3 |              5 |
|  pll_clk.u_clk_pll/inst/cpu_clk | u_cpu/axi_bridge/io_push_fire_1                                                    | pll_clk.u_rst_cpu/p_0_in                                             |                1 |              5 |
|  pll_clk.u_clk_pll/inst/cpu_clk | u_cpu/axi_bridge/io_push_fire                                                      | pll_clk.u_rst_cpu/p_0_in                                             |                2 |              5 |
|  pll_clk.u_clk_pll/inst/sys_clk | u_axi_uart_controller/uart0/regs/transmitter/fifo_tx/count[4]_i_1__0_n_0           | u_axi_uart_controller/uart0/regs/transmitter/fifo_tx/top[3]_i_1_n_0  |                2 |              5 |
|  pll_clk.u_clk_pll/inst/sys_clk | u_axi_cdc/awFifo/p_14_in                                                           | pll_clk.u_rst_sys/prst                                               |                2 |              5 |
|  pll_clk.u_clk_pll/inst/cpu_clk | u_cpu/dcache/main_state                                                            | u_cpu/reset                                                          |                2 |              5 |
|  pll_clk.u_clk_pll/inst/sys_clk | u_AxiCrossbar_1x4/axiIn_readOnly_decoder/cpu_sync_arready                          | pll_clk.u_rst_sys/prst                                               |                1 |              5 |
|  pll_clk.u_clk_pll/inst/sys_clk | u_axi_ram/u_axi_sram_sp/E[0]                                                       | pll_clk.u_rst_sys/prst                                               |                1 |              5 |
|  pll_clk.u_clk_pll/inst/sys_clk | u_axi_uart_controller/uart0/regs/receiver/fifo_rx/count[4]_i_1__1_n_0              | u_axi_uart_controller/uart0/regs/receiver/fifo_rx/fifo               |                2 |              5 |
|  pll_clk.u_clk_pll/inst/sys_clk |                                                                                    | u_axi_uart_controller/AA_axi2apb_bridge_cpu/lsr_mask_d_reg           |                4 |              6 |
|  pll_clk.u_clk_pll/inst/cpu_clk | u_cpu/wb_stage/reset_reg_3                                                         |                                                                      |                3 |              6 |
|  pll_clk.u_clk_pll/inst/cpu_clk | u_axi_cdc/wFifo/popToPushGray_buffercc/io_push_fire                                | pll_clk.u_rst_cpu/p_0_in                                             |                1 |              7 |
|  pll_clk.u_clk_pll/inst/sys_clk | u_axi_cdc/rFifo/popToPushGray_buffercc/E[0]                                        | pll_clk.u_rst_sys/prst                                               |                2 |              7 |
|  pll_clk.u_clk_pll/inst/sys_clk | u_axi_uart_controller/AA_axi2apb_bridge_cpu/E[0]                                   | pll_clk.u_rst_sys/prst                                               |                1 |              7 |
|  pll_clk.u_clk_pll/inst/cpu_clk |                                                                                    | u_cpu/u_div/tmp_r                                                    |                3 |              8 |
|  pll_clk.u_clk_pll/inst/sys_clk | u_axi_ram/u_axi_sram_sp/cnt_q[7]_i_1_n_0                                           | pll_clk.u_rst_sys/prst                                               |                5 |              8 |
|  pll_clk.u_clk_pll/inst/sys_clk | u_axi_uart_controller/uart0/regs/block_cnt[7]_i_1_n_0                              | pll_clk.u_rst_sys/prst                                               |                3 |              8 |
|  pll_clk.u_clk_pll/inst/sys_clk | u_axi_uart_controller/uart0/regs/transmitter/E[0]                                  | pll_clk.u_rst_sys/prst                                               |                3 |              8 |
|  pll_clk.u_clk_pll/inst/sys_clk | u_axi_uart_controller/uart0/regs/transmitter/tf_data_bak[7]_i_1_n_0                | pll_clk.u_rst_sys/prst                                               |                2 |              8 |
|  pll_clk.u_clk_pll/inst/sys_clk | pll_clk.u_rst_sys/Q[0]                                                             |                                                                      |                2 |              8 |
|  pll_clk.u_clk_pll/inst/cpu_clk | u_cpu/axi_bridge/awaddr[31]_i_1_n_0                                                | u_cpu/axi_bridge/awaddr[3]_i_1_n_0                                   |                2 |              8 |
|  pll_clk.u_clk_pll/inst/sys_clk | u_axi_cdc/arFifo/sendRsp_reg[0]                                                    |                                                                      |                3 |              8 |
|  pll_clk.u_clk_pll/inst/sys_clk | u_axi_uart_controller/uart0/regs/dl[23]_i_1_n_0                                    | pll_clk.u_rst_sys/prst                                               |                2 |              8 |
|  pll_clk.u_clk_pll/inst/sys_clk | u_axi_uart_controller/AA_axi2apb_bridge_cpu/reg_datao_32[23]                       | pll_clk.u_rst_sys/prst                                               |                2 |              8 |
|  pll_clk.u_clk_pll/inst/sys_clk | u_axi_uart_controller/AA_axi2apb_bridge_cpu/reg_datao_32[31]                       | pll_clk.u_rst_sys/prst                                               |                3 |              8 |
|  pll_clk.u_clk_pll/inst/sys_clk | u_axi_uart_controller/AA_axi2apb_bridge_cpu/reg_datai[7]_i_2_n_0                   | u_axi_uart_controller/AA_axi2apb_bridge_cpu/reg_datai[7]_i_1_n_0     |                8 |              8 |
|  pll_clk.u_clk_pll/inst/sys_clk | u_axi_uart_controller/AA_axi2apb_bridge_cpu/reg_datao_32[7]                        | pll_clk.u_rst_sys/prst                                               |                4 |              8 |
|  pll_clk.u_clk_pll/inst/sys_clk | u_axi_uart_controller/AA_axi2apb_bridge_cpu/reg_datao_32[15]                       | pll_clk.u_rst_sys/prst                                               |                4 |              8 |
|  pll_clk.u_clk_pll/inst/sys_clk |                                                                                    | u_axi_uart_controller/uart0/regs/sclk_count[7]_i_1_n_0               |                2 |              8 |
|  pll_clk.u_clk_pll/inst/sys_clk | u_axi_uart_controller/AA_axi2apb_bridge_cpu/lcr_reg[7]_1[0]                        | pll_clk.u_rst_sys/prst                                               |                2 |              8 |
|  pll_clk.u_clk_pll/inst/sys_clk | u_axi_uart_controller/AA_axi2apb_bridge_cpu/lcr_reg[7]_2[0]                        | pll_clk.u_rst_sys/prst                                               |                2 |              8 |
|  pll_clk.u_clk_pll/inst/cpu_clk | u_cpu/exe_stage/ds_to_es_bus_r0                                                    | u_cpu/id_stage/es_valid_reg_0                                        |                2 |              8 |
|  pll_clk.u_clk_pll/inst/sys_clk | u_axi_uart_controller/AA_axi2apb_bridge_cpu/axi_s_req_addr_reg[2]_5[0]             | pll_clk.u_rst_sys/prst                                               |                3 |              8 |
|  pll_clk.u_clk_pll/inst/cpu_clk | u_cpu/exe_stage/ds_to_es_bus_r0                                                    | u_cpu/id_stage/es_valid_reg                                          |                3 |              8 |
|  pll_clk.u_clk_pll/inst/sys_clk | u_axi_uart_controller/AA_axi2apb_bridge_cpu/axi_s_req_addr_reg[2]_1[0]             | pll_clk.u_rst_sys/prst                                               |                2 |              8 |
|  pll_clk.u_clk_pll/inst/sys_clk | u_axi_uart_controller/AA_axi2apb_bridge_cpu/axi_s_req_addr_reg[2]_4[0]             | pll_clk.u_rst_sys/prst                                               |                2 |              8 |
|  pll_clk.u_clk_pll/inst/sys_clk | u_axi_uart_controller/uart0/regs/transmitter/bit_counter[2]_i_1_n_0                | pll_clk.u_rst_sys/prst                                               |                3 |              9 |
|  pll_clk.u_clk_pll/inst/cpu_clk | u_cpu/wb_stage/ms_to_ws_bus_r_reg[170]_0                                           | u_cpu/reset                                                          |                3 |              9 |
|  pll_clk.u_clk_pll/inst/sys_clk | u_axi_uart_controller/AA_axi2apb_bridge_cpu/axi_s_rstrb                            | pll_clk.u_rst_sys/prst                                               |                3 |              9 |
|  pll_clk.u_clk_pll/inst/sys_clk | u_axi_uart_controller/uart0/regs/dlc1                                              | pll_clk.u_rst_sys/prst                                               |                3 |              9 |
|  pll_clk.u_clk_pll/inst/cpu_clk | u_cpu/wb_stage/reset_reg_5[0]                                                      |                                                                      |                4 |             10 |
|  pll_clk.u_clk_pll/inst/cpu_clk | u_cpu/wb_stage/reset_reg_4[0]                                                      |                                                                      |                5 |             10 |
|  pll_clk.u_clk_pll/inst/sys_clk | u_axi_uart_controller/uart0/regs/receiver/fifo_rx/E[0]                             | pll_clk.u_rst_sys/prst                                               |                3 |             10 |
|  pll_clk.u_clk_pll/inst/cpu_clk | u_cpu/wb_stage/reset_reg_1[0]                                                      |                                                                      |                4 |             10 |
|  pll_clk.u_clk_pll/inst/sys_clk | u_axi_uart_controller/uart0/regs/receiver/rf_data_in[10]_i_1_n_0                   | pll_clk.u_rst_sys/prst                                               |                2 |             11 |
|  pll_clk.u_clk_pll/inst/cpu_clk | u_cpu/wb_stage/ms_to_ws_bus_r_reg[104]_1[0]                                        | u_cpu/reset                                                          |                3 |             12 |
|  pll_clk.u_clk_pll/inst/cpu_clk | u_cpu/icache/tagv_ram_way[1].u/main_state_reg[0][0]                                | u_cpu/reset                                                          |                6 |             15 |
|  pll_clk.u_clk_pll/inst/sys_clk | u_axi_uart_controller/uart0/regs/receiver/fifo_rx/rfifo/rf_push_pulse              |                                                                      |                2 |             16 |
|  pll_clk.u_clk_pll/inst/cpu_clk | u_cpu/dcache/way_d_reg_reg_r1_128_255_0_0_i_1_n_0                                  |                                                                      |                4 |             16 |
|  pll_clk.u_clk_pll/inst/cpu_clk | u_cpu/dcache/way_d_reg_reg_r1_0_127_0_0_i_2_n_0                                    |                                                                      |                4 |             16 |
|  pll_clk.u_clk_pll/inst/sys_clk | u_axi_uart_controller/AA_axi2apb_bridge_cpu/lcr_reg[7]_4                           |                                                                      |                2 |             16 |
|  pll_clk.u_clk_pll/inst/cpu_clk | u_cpu/wb_stage/reset_reg_2[0]                                                      |                                                                      |               10 |             19 |
|  pll_clk.u_clk_pll/inst/cpu_clk | u_cpu/wb_stage/ms_to_ws_bus_r_reg[104]_2[0]                                        |                                                                      |               10 |             20 |
|  pll_clk.u_clk_pll/inst/cpu_clk | u_cpu/wb_stage/ms_to_ws_bus_r_reg[105]_2[0]                                        |                                                                      |                8 |             20 |
|  pll_clk.u_clk_pll/inst/cpu_clk |                                                                                    | pll_clk.u_rst_cpu/p_0_in                                             |                4 |             20 |
|  pll_clk.u_clk_pll/inst/sys_clk | u_axi_uart_controller/AA_axi2apb_bridge_cpu/axi_s_req_addr[19]_i_1_n_0             | pll_clk.u_rst_sys/prst                                               |               16 |             20 |
|  pll_clk.u_clk_pll/inst/sys_clk | u_axi_ram/u_axi_sram_sp/req_addr_q[22]_i_1_n_0                                     | pll_clk.u_rst_sys/prst                                               |               14 |             21 |
|  pll_clk.u_clk_pll/inst/cpu_clk | u_cpu/dcache/miss_buffer_replace_way                                               | u_cpu/reset                                                          |                7 |             22 |
|  pll_clk.u_clk_pll/inst/cpu_clk |                                                                                    | u_axi_cdc/bFifo/bufferCC_12/buffers_1_reg_0                          |                5 |             22 |
|  pll_clk.u_clk_pll/inst/sys_clk | u_AxiCrossbar_1x4/toplevel_axiIn_writeOnly_decoder_io_outputs_3_aw_rValid_reg_0[0] | pll_clk.u_rst_sys/prst                                               |               10 |             22 |
|  pll_clk.u_clk_pll/inst/cpu_clk | u_cpu/icache/tagv_ram_way[1].u/E[0]                                                | u_cpu/reset                                                          |                8 |             23 |
|  pll_clk.u_clk_pll/inst/cpu_clk | u_cpu/wb_stage/ms_to_ws_bus_r_reg[104]_5[0]                                        |                                                                      |               11 |             26 |
|  pll_clk.u_clk_pll/inst/cpu_clk | u_cpu/wb_stage/ms_to_ws_bus_r_reg[104]_7[0]                                        |                                                                      |               15 |             26 |
|  pll_clk.u_clk_pll/inst/cpu_clk | u_cpu/wb_stage/reset_reg_0[0]                                                      |                                                                      |               10 |             27 |
|  pll_clk.u_clk_pll/inst/cpu_clk | u_cpu/wb_stage/reset_reg[0]                                                        |                                                                      |                9 |             27 |
|  pll_clk.u_clk_pll/inst/cpu_clk | u_cpu/wb_stage/ms_to_ws_bus_r_reg[250]_0[0]                                        | u_cpu/reset                                                          |                5 |             28 |
|  pll_clk.u_clk_pll/inst/cpu_clk | u_cpu/btb/btb_pc[20][29]_i_1_n_0                                                   |                                                                      |                8 |             30 |
|  pll_clk.u_clk_pll/inst/cpu_clk | u_cpu/btb/btb_pc[23][29]_i_1_n_0                                                   |                                                                      |                4 |             30 |
|  pll_clk.u_clk_pll/inst/cpu_clk | u_cpu/btb/btb_pc[5][29]_i_1_n_0                                                    |                                                                      |                4 |             30 |
|  pll_clk.u_clk_pll/inst/cpu_clk | u_cpu/btb/btb_pc[9][29]_i_1_n_0                                                    |                                                                      |                5 |             30 |
|  pll_clk.u_clk_pll/inst/cpu_clk | u_cpu/btb/btb_pc[27][29]_i_1_n_0                                                   |                                                                      |                5 |             30 |
|  pll_clk.u_clk_pll/inst/cpu_clk | u_cpu/btb/btb_pc[10][29]_i_1_n_0                                                   |                                                                      |                5 |             30 |
|  pll_clk.u_clk_pll/inst/cpu_clk | u_cpu/btb/ras_pc[3][29]_i_1_n_0                                                    |                                                                      |                6 |             30 |
|  pll_clk.u_clk_pll/inst/cpu_clk | u_cpu/btb/ras_pc[8][29]_i_1_n_0                                                    |                                                                      |               10 |             30 |
|  pll_clk.u_clk_pll/inst/cpu_clk | u_cpu/btb/ras_pc[9][29]_i_1_n_0                                                    |                                                                      |                5 |             30 |
|  pll_clk.u_clk_pll/inst/cpu_clk | u_cpu/btb/ras_pc                                                                   |                                                                      |                4 |             30 |
|  pll_clk.u_clk_pll/inst/cpu_clk | u_cpu/btb/ras_pc[5][29]_i_1_n_0                                                    |                                                                      |                9 |             30 |
|  pll_clk.u_clk_pll/inst/cpu_clk | u_cpu/btb/ras_pc[12][29]_i_1_n_0                                                   |                                                                      |                4 |             30 |
|  pll_clk.u_clk_pll/inst/cpu_clk | u_cpu/btb/ras_pc[14][29]_i_1_n_0                                                   |                                                                      |                4 |             30 |
|  pll_clk.u_clk_pll/inst/cpu_clk | u_cpu/btb/ras_pc[10][29]_i_1_n_0                                                   |                                                                      |                5 |             30 |
|  pll_clk.u_clk_pll/inst/cpu_clk | u_cpu/btb/ras_pc[11][29]_i_1_n_0                                                   |                                                                      |                6 |             30 |
|  pll_clk.u_clk_pll/inst/cpu_clk | u_cpu/btb/ras_pc[7][29]_i_1_n_0                                                    |                                                                      |                6 |             30 |
|  pll_clk.u_clk_pll/inst/cpu_clk | u_cpu/btb/ras_pc[1][29]_i_1_n_0                                                    |                                                                      |                6 |             30 |
|  pll_clk.u_clk_pll/inst/cpu_clk | u_cpu/btb/ras_pc[6][29]_i_1_n_0                                                    |                                                                      |                8 |             30 |
|  pll_clk.u_clk_pll/inst/cpu_clk | u_cpu/btb/ras_pc[4][29]_i_1_n_0                                                    |                                                                      |                7 |             30 |
|  pll_clk.u_clk_pll/inst/cpu_clk | u_cpu/btb/ras_pc[2][29]_i_1_n_0                                                    |                                                                      |                6 |             30 |
|  pll_clk.u_clk_pll/inst/cpu_clk | u_cpu/btb/ras_pc[0][29]_i_1_n_0                                                    |                                                                      |                6 |             30 |
|  pll_clk.u_clk_pll/inst/cpu_clk | u_cpu/exe_stage/main_state_reg[0]_0[0]                                             |                                                                      |               11 |             30 |
|  pll_clk.u_clk_pll/inst/cpu_clk | u_cpu/id_stage/E[0]                                                                |                                                                      |                6 |             30 |
|  pll_clk.u_clk_pll/inst/cpu_clk | u_cpu/id_stage/reset_reg_27[0]                                                     |                                                                      |                4 |             30 |
|  pll_clk.u_clk_pll/inst/cpu_clk | u_cpu/btb/ras_pc[13][29]_i_1_n_0                                                   |                                                                      |                5 |             30 |
|  pll_clk.u_clk_pll/inst/cpu_clk | u_cpu/btb/btb_pc[4][29]_i_1_n_0                                                    |                                                                      |                4 |             30 |
|  pll_clk.u_clk_pll/inst/cpu_clk | u_cpu/btb/btb_pc[1][29]_i_1_n_0                                                    |                                                                      |                5 |             30 |
|  pll_clk.u_clk_pll/inst/cpu_clk | u_cpu/btb/btb_pc[3][29]_i_1_n_0                                                    |                                                                      |                4 |             30 |
|  pll_clk.u_clk_pll/inst/cpu_clk | u_cpu/btb/btb_pc[2][29]_i_1_n_0                                                    |                                                                      |                6 |             30 |
|  pll_clk.u_clk_pll/inst/cpu_clk | u_cpu/btb/btb_pc[19][29]_i_1_n_0                                                   |                                                                      |                5 |             30 |
|  pll_clk.u_clk_pll/inst/cpu_clk | u_cpu/btb/btb_pc                                                                   |                                                                      |                4 |             30 |
|  pll_clk.u_clk_pll/inst/cpu_clk | u_cpu/btb/btb_pc[14][29]_i_1_n_0                                                   |                                                                      |                6 |             30 |
|  pll_clk.u_clk_pll/inst/cpu_clk | u_cpu/btb/btb_pc[11][29]_i_1_n_0                                                   |                                                                      |                8 |             30 |
|  pll_clk.u_clk_pll/inst/cpu_clk | u_cpu/btb/btb_pc[15][29]_i_1_n_0                                                   |                                                                      |                4 |             30 |
|  pll_clk.u_clk_pll/inst/cpu_clk | u_cpu/btb/btb_pc[13][29]_i_1_n_0                                                   |                                                                      |                6 |             30 |
|  pll_clk.u_clk_pll/inst/cpu_clk | u_cpu/btb/btb_pc[16][29]_i_1_n_0                                                   |                                                                      |                8 |             30 |
|  pll_clk.u_clk_pll/inst/cpu_clk | u_cpu/btb/btb_pc[22][29]_i_1_n_0                                                   |                                                                      |                5 |             30 |
|  pll_clk.u_clk_pll/inst/cpu_clk | u_cpu/btb/btb_pc[24][29]_i_1_n_0                                                   |                                                                      |                7 |             30 |
|  pll_clk.u_clk_pll/inst/cpu_clk | u_cpu/btb/btb_pc[6][29]_i_1_n_0                                                    |                                                                      |                4 |             30 |
|  pll_clk.u_clk_pll/inst/cpu_clk | u_cpu/btb/btb_pc[7][29]_i_1_n_0                                                    |                                                                      |                5 |             30 |
|  pll_clk.u_clk_pll/inst/cpu_clk | u_cpu/btb/btb_pc[30][29]_i_1_n_0                                                   |                                                                      |                6 |             30 |
|  pll_clk.u_clk_pll/inst/cpu_clk | u_cpu/btb/btb_pc[8][29]_i_1_n_0                                                    |                                                                      |                5 |             30 |
|  pll_clk.u_clk_pll/inst/cpu_clk | u_cpu/btb/btb_pc[25][29]_i_1_n_0                                                   |                                                                      |                6 |             30 |
|  pll_clk.u_clk_pll/inst/cpu_clk | u_cpu/btb/btb_pc[21][29]_i_1_n_0                                                   |                                                                      |                7 |             30 |
|  pll_clk.u_clk_pll/inst/cpu_clk | u_cpu/btb/btb_pc[18][29]_i_1_n_0                                                   |                                                                      |                5 |             30 |
|  pll_clk.u_clk_pll/inst/cpu_clk | u_cpu/btb/btb_pc[0][29]_i_1_n_0                                                    |                                                                      |                8 |             30 |
|  pll_clk.u_clk_pll/inst/cpu_clk | u_cpu/btb/btb_pc[26][29]_i_1_n_0                                                   |                                                                      |               10 |             30 |
|  pll_clk.u_clk_pll/inst/cpu_clk | u_cpu/btb/btb_pc[29][29]_i_1_n_0                                                   |                                                                      |                6 |             30 |
|  pll_clk.u_clk_pll/inst/cpu_clk | u_cpu/btb/btb_pc[17][29]_i_1_n_0                                                   |                                                                      |                5 |             30 |
|  pll_clk.u_clk_pll/inst/cpu_clk | u_cpu/axi_bridge/awaddr[31]_i_1_n_0                                                |                                                                      |               11 |             31 |
|  pll_clk.u_clk_pll/inst/cpu_clk | u_cpu/u_div/UnsignS[31]_i_1_n_0                                                    | u_cpu/reset                                                          |               13 |             31 |
|  pll_clk.u_clk_pll/inst/cpu_clk | u_cpu/wb_stage/reset_reg_13                                                        |                                                                      |               10 |             31 |
|  pll_clk.u_clk_pll/inst/cpu_clk | u_cpu/if_stage/br_target_inst_req_buffer[31]_i_1_n_0                               |                                                                      |               10 |             32 |
|  pll_clk.u_clk_pll/inst/cpu_clk | u_cpu/wb_stage/ms_to_ws_bus_r_reg[104]_6[0]                                        | u_cpu/reset                                                          |                7 |             32 |
|  pll_clk.u_clk_pll/inst/sys_clk | u_confreg/write_digital_ctrl                                                       | pll_clk.u_rst_sys/prst                                               |                9 |             32 |
|  pll_clk.u_clk_pll/inst/sys_clk | u_confreg/write_timer_cmp                                                          | pll_clk.u_rst_sys/prst                                               |               11 |             32 |
|  pll_clk.u_clk_pll/inst/sys_clk | u_confreg/write_digital_data                                                       | pll_clk.u_rst_sys/prst                                               |               12 |             32 |
|  pll_clk.u_clk_pll/inst/sys_clk | u_confreg/s_rdata[31]_i_1_n_0                                                      |                                                                      |               19 |             32 |
|  pll_clk.u_clk_pll/inst/cpu_clk | u_cpu/axi_bridge/wdata[31]_i_1_n_0                                                 |                                                                      |               11 |             32 |
|  pll_clk.u_clk_pll/inst/cpu_clk | u_cpu/u_csr/csr_tval[31]_i_1_n_0                                                   |                                                                      |               12 |             32 |
|  pll_clk.u_clk_pll/inst/cpu_clk | u_cpu/wb_stage/ms_to_ws_bus_r_reg[70]_5[0]                                         |                                                                      |               15 |             32 |
|  pll_clk.u_clk_pll/inst/cpu_clk | u_cpu/wb_stage/ms_to_ws_bus_r_reg[104]_0[0]                                        |                                                                      |               11 |             32 |
|  pll_clk.u_clk_pll/inst/cpu_clk | u_cpu/u_div/tmp_r[31]_i_2_n_0                                                      | u_cpu/u_div/tmp_r                                                    |                7 |             32 |
|  pll_clk.u_clk_pll/inst/cpu_clk | u_cpu/wb_stage/ms_to_ws_bus_r_reg[104]_4[0]                                        |                                                                      |               19 |             32 |
|  pll_clk.u_clk_pll/inst/cpu_clk | u_cpu/wb_stage/E[0]                                                                |                                                                      |               11 |             32 |
|  pll_clk.u_clk_pll/inst/cpu_clk | u_cpu/wb_stage/ws_valid_reg_4[0]                                                   |                                                                      |               16 |             32 |
|  pll_clk.u_clk_pll/inst/cpu_clk | u_cpu/wb_stage/ms_to_ws_bus_r_reg[104]_3[0]                                        |                                                                      |               17 |             32 |
|  ram_rvalid_BUFG                |                                                                                    |                                                                      |               16 |             32 |
|  pll_clk.u_clk_pll/inst/cpu_clk | u_cpu/wb_stage/ms_to_ws_bus_r_reg[106]_0[0]                                        | u_cpu/reset                                                          |               10 |             32 |
|  pll_clk.u_clk_pll/inst/cpu_clk | u_cpu/u_div/UnsignR                                                                | u_cpu/reset                                                          |               12 |             32 |
|  pll_clk.u_clk_pll/inst/cpu_clk | u_cpu/if_stage/flush_inst_req_buffer                                               |                                                                      |               15 |             32 |
|  pll_clk.u_clk_pll/inst/sys_clk | u_axi_uart_controller/AA_axi2apb_bridge_cpu/reg_datai_32                           | u_axi_uart_controller/AA_axi2apb_bridge_cpu/reg_datai_32[31]_i_1_n_0 |                8 |             32 |
|  pll_clk.u_clk_pll/inst/cpu_clk | u_cpu/wb_stage/ms_to_ws_bus_r_reg[105]_0[0]                                        |                                                                      |               16 |             32 |
|  pll_clk.u_clk_pll/inst/sys_clk |                                                                                    |                                                                      |               17 |             33 |
|  pll_clk.u_clk_pll/inst/cpu_clk | u_cpu/if_stage/fs_pc0                                                              | u_cpu/reset                                                          |                9 |             33 |
|  pll_clk.u_clk_pll/inst/cpu_clk | u_axi_cdc/rFifo/pushToPopGray_buffercc/E[0]                                        |                                                                      |                7 |             34 |
|  pll_clk.u_clk_pll/inst/cpu_clk | u_cpu/axi_bridge/araddr[31]_i_1_n_0                                                |                                                                      |               11 |             35 |
|  pll_clk.u_clk_pll/inst/sys_clk |                                                                                    | u_axi_cdc/awFifo/bufferCC_12/buffers_1_reg_0                         |                8 |             35 |
|  pll_clk.u_clk_pll/inst/cpu_clk | u_cpu/wb_stage/ms_to_ws_bus_r_reg[177]_7[0]                                        |                                                                      |               16 |             36 |
|  pll_clk.u_clk_pll/inst/cpu_clk | u_cpu/wb_stage/ms_to_ws_bus_r_reg[177]_5[0]                                        |                                                                      |               18 |             36 |
|  pll_clk.u_clk_pll/inst/cpu_clk | u_cpu/wb_stage/ms_to_ws_bus_r_reg[177]_25[0]                                       |                                                                      |               17 |             36 |
|  pll_clk.u_clk_pll/inst/cpu_clk | u_cpu/wb_stage/ms_to_ws_bus_r_reg[177]_28[0]                                       |                                                                      |               16 |             36 |
|  pll_clk.u_clk_pll/inst/cpu_clk | u_cpu/wb_stage/ms_to_ws_bus_r_reg[177]_22[0]                                       |                                                                      |               16 |             36 |
|  pll_clk.u_clk_pll/inst/cpu_clk | u_cpu/wb_stage/ms_to_ws_bus_r_reg[177]_24[0]                                       |                                                                      |               17 |             36 |
|  pll_clk.u_clk_pll/inst/cpu_clk | u_cpu/wb_stage/ms_to_ws_bus_r_reg[177]_26[0]                                       |                                                                      |               16 |             36 |
|  pll_clk.u_clk_pll/inst/cpu_clk | u_cpu/wb_stage/ms_to_ws_bus_r_reg[177]_4[0]                                        |                                                                      |               22 |             36 |
|  pll_clk.u_clk_pll/inst/cpu_clk | u_cpu/wb_stage/ms_to_ws_bus_r_reg[177]_27[0]                                       |                                                                      |               15 |             36 |
|  pll_clk.u_clk_pll/inst/cpu_clk | u_cpu/wb_stage/ms_to_ws_bus_r_reg[177]_31[0]                                       |                                                                      |               17 |             36 |
|  pll_clk.u_clk_pll/inst/cpu_clk | u_cpu/wb_stage/ms_to_ws_bus_r_reg[177]_10[0]                                       |                                                                      |               24 |             36 |
|  pll_clk.u_clk_pll/inst/cpu_clk | u_cpu/wb_stage/ms_to_ws_bus_r_reg[177]_0[0]                                        |                                                                      |               17 |             36 |
|  pll_clk.u_clk_pll/inst/cpu_clk | u_cpu/wb_stage/ms_to_ws_bus_r_reg[177]_6[0]                                        |                                                                      |               18 |             36 |
|  pll_clk.u_clk_pll/inst/cpu_clk | u_cpu/if_stage/btb_lock_buffer                                                     |                                                                      |               14 |             36 |
|  pll_clk.u_clk_pll/inst/cpu_clk | u_cpu/wb_stage/ms_to_ws_bus_r_reg[177]_18[0]                                       |                                                                      |               17 |             36 |
|  pll_clk.u_clk_pll/inst/cpu_clk | u_cpu/wb_stage/ms_to_ws_bus_r_reg[177]_12[0]                                       |                                                                      |               14 |             36 |
|  pll_clk.u_clk_pll/inst/cpu_clk | u_cpu/wb_stage/ms_to_ws_bus_r_reg[177]_21[0]                                       |                                                                      |               13 |             36 |
|  pll_clk.u_clk_pll/inst/cpu_clk | u_cpu/wb_stage/ms_to_ws_bus_r_reg[177]_13[0]                                       |                                                                      |               16 |             36 |
|  pll_clk.u_clk_pll/inst/cpu_clk | u_cpu/wb_stage/ms_to_ws_bus_r_reg[177]_15[0]                                       |                                                                      |               14 |             36 |
|  pll_clk.u_clk_pll/inst/cpu_clk | u_cpu/wb_stage/ms_to_ws_bus_r_reg[177]_16[0]                                       |                                                                      |               20 |             36 |
|  pll_clk.u_clk_pll/inst/cpu_clk | u_cpu/wb_stage/ms_to_ws_bus_r_reg[177]_17[0]                                       |                                                                      |               16 |             36 |
|  pll_clk.u_clk_pll/inst/cpu_clk | u_cpu/wb_stage/ms_to_ws_bus_r_reg[177]_2[0]                                        |                                                                      |               13 |             36 |
|  pll_clk.u_clk_pll/inst/cpu_clk | u_cpu/wb_stage/ms_to_ws_bus_r_reg[177]_14[0]                                       |                                                                      |               17 |             36 |
|  pll_clk.u_clk_pll/inst/cpu_clk | u_cpu/wb_stage/ms_to_ws_bus_r_reg[177]_20[0]                                       |                                                                      |               17 |             36 |
|  pll_clk.u_clk_pll/inst/cpu_clk | u_cpu/wb_stage/ms_to_ws_bus_r_reg[177]_19[0]                                       |                                                                      |               17 |             36 |
|  pll_clk.u_clk_pll/inst/cpu_clk | u_cpu/wb_stage/ms_to_ws_bus_r_reg[177]_11[0]                                       |                                                                      |               16 |             36 |
|  pll_clk.u_clk_pll/inst/cpu_clk | u_cpu/wb_stage/ms_to_ws_bus_r_reg[177]_1[0]                                        |                                                                      |               15 |             36 |
|  pll_clk.u_clk_pll/inst/cpu_clk | u_cpu/wb_stage/ms_to_ws_bus_r_reg[177]_9[0]                                        |                                                                      |               20 |             36 |
|  pll_clk.u_clk_pll/inst/cpu_clk | u_cpu/wb_stage/ms_to_ws_bus_r_reg[177]_29[0]                                       |                                                                      |               16 |             36 |
|  pll_clk.u_clk_pll/inst/cpu_clk | u_cpu/wb_stage/ms_to_ws_bus_r_reg[177]_30[0]                                       |                                                                      |               17 |             36 |
|  pll_clk.u_clk_pll/inst/cpu_clk | u_cpu/wb_stage/ms_to_ws_bus_r_reg[177]_8[0]                                        |                                                                      |               16 |             36 |
|  pll_clk.u_clk_pll/inst/cpu_clk | u_cpu/wb_stage/ms_to_ws_bus_r_reg[177]_3[0]                                        |                                                                      |               16 |             36 |
|  pll_clk.u_clk_pll/inst/cpu_clk | u_cpu/wb_stage/ms_to_ws_bus_r_reg[177]_23[0]                                       |                                                                      |               11 |             36 |
|  pll_clk.u_clk_pll/inst/sys_clk | u_axi_cdc/wFifo/pushToPopGray_buffercc/E[0]                                        |                                                                      |               11 |             37 |
|  pll_clk.u_clk_pll/inst/cpu_clk | u_cpu/id_stage/p_1_in                                                              |                                                                      |                5 |             40 |
|  pll_clk.u_clk_pll/inst/cpu_clk | u_cpu/if_stage/fetch_en                                                            |                                                                      |               14 |             40 |
|  pll_clk.u_clk_pll/inst/sys_clk | u_axi_ram/u_axi_sram_sp/ax_req_d_addr                                              | pll_clk.u_rst_sys/prst                                               |               16 |             41 |
|  pll_clk.u_clk_pll/inst/sys_clk | u_axi_cdc/awFifo/pushToPopGray_buffercc/popCC_addressGen_rValid_reg                |                                                                      |               13 |             42 |
|  pll_clk.u_clk_pll/inst/sys_clk | u_confreg/write_led                                                                | pll_clk.u_rst_sys/prst                                               |               18 |             48 |
|  pll_clk.u_clk_pll/inst/sys_clk |                                                                                    | u_axi_uart_controller/uart0/regs/receiver/fifo_rx/fifo               |               22 |             48 |
|  pll_clk.u_clk_pll/inst/cpu_clk | u_cpu/dcache/tagv_ram_way[0].u/E[0]                                                | u_cpu/reset                                                          |               19 |             48 |
|  pll_clk.u_clk_pll/inst/sys_clk | u_axi_cdc/arFifo/pushToPopGray_buffercc/E[0]                                       |                                                                      |               15 |             49 |
|  pll_clk.u_clk_pll/inst/cpu_clk | u_cpu/exe_stage/request_buffer_op                                                  | u_cpu/reset                                                          |               20 |             55 |
|  pll_clk.u_clk_pll/inst/sys_clk | u_axi_cdc/rFifo/popToPushGray_buffercc/E[0]                                        |                                                                      |                7 |             56 |
|  pll_clk.u_clk_pll/inst/cpu_clk | u_axi_cdc/wFifo/popToPushGray_buffercc/io_push_fire                                |                                                                      |                7 |             56 |
|  pll_clk.u_clk_pll/inst/cpu_clk | u_cpu/axi_bridge/io_push_fire_1                                                    |                                                                      |                9 |             72 |
|  pll_clk.u_clk_pll/inst/cpu_clk | u_cpu/axi_bridge/io_push_fire                                                      |                                                                      |                9 |             72 |
|  pll_clk.u_clk_pll/inst/cpu_clk | u_cpu/wb_stage/we                                                                  |                                                                      |               12 |             96 |
|  pll_clk.u_clk_pll/inst/cpu_clk | u_cpu/axi_bridge/write_buffer_num[2]_i_1_n_0                                       | u_cpu/reset                                                          |               51 |             99 |
|  pll_clk.u_clk_pll/inst/cpu_clk | u_cpu/if_stage/fs_valid_reg_1[0]                                                   |                                                                      |               31 |            106 |
|  pll_clk.u_clk_pll/inst/cpu_clk |                                                                                    | u_cpu/reset                                                          |               50 |            159 |
|  pll_clk.u_clk_pll/inst/cpu_clk |                                                                                    |                                                                      |              101 |            167 |
|  pll_clk.u_clk_pll/inst/sys_clk |                                                                                    | pll_clk.u_rst_sys/prst                                               |               69 |            178 |
|  pll_clk.u_clk_pll/inst/cpu_clk | u_cpu/exe_stage/E[0]                                                               |                                                                      |               85 |            210 |
|  pll_clk.u_clk_pll/inst/cpu_clk | u_cpu/exe_stage/ds_to_es_bus_r0                                                    |                                                                      |               85 |            216 |
|  pll_clk.u_clk_pll/inst/cpu_clk | u_cpu/mem_stage/ms_to_ws_valid                                                     |                                                                      |               94 |            232 |
|  pll_clk.u_clk_pll/inst/cpu_clk | u_cpu/wb_stage/we_0                                                                |                                                                      |               35 |            260 |
|  pll_clk.u_clk_pll/inst/cpu_clk | u_cpu/u_mul/E[0]                                                                   |                                                                      |              253 |            712 |
+---------------------------------+------------------------------------------------------------------------------------+----------------------------------------------------------------------+------------------+----------------+


