Copyright 1986-2019 Xilinx, Inc. All Rights Reserved.
-----------------------------------------------------------------------------------------------------------------------------------------------------------
| Tool Version : Vivado v.2019.2 (win64) Build 2708876 Wed Nov  6 21:40:23 MST 2019
| Date         : Thu May 15 21:59:12 2025
| Host         : LAPTOP-2G409SCH running 64-bit major release  (build 9200)
| Command      : report_methodology -file soc_top_methodology_drc_routed.rpt -pb soc_top_methodology_drc_routed.pb -rpx soc_top_methodology_drc_routed.rpx
| Design       : soc_top
| Device       : xc7a200tfbg676-1
| Speed File   : -1
| Design State : Fully Routed
-----------------------------------------------------------------------------------------------------------------------------------------------------------

Report Methodology

Table of Contents
-----------------
1. REPORT SUMMARY
2. REPORT DETAILS

1. REPORT SUMMARY
-----------------
            Netlist: netlist
          Floorplan: design_1
      Design limits: <entire design considered>
             Max violations: <unlimited>
             Violations found: 109
+-----------+----------+-------------------------------------------------------------------+------------+
| Rule      | Severity | Description                                                       | Violations |
+-----------+----------+-------------------------------------------------------------------+------------+
| SYNTH-5   | Warning  | Mapped onto distributed RAM because of timing constraints         | 8          |
| TIMING-10 | Warning  | Missing property on synchronizer                                  | 1          |
| TIMING-18 | Warning  | Missing input or output delay                                     | 66         |
| TIMING-20 | Warning  | Non-clocked latch                                                 | 32         |
| TIMING-47 | Warning  | False path or asynchronous clock group between synchronous clocks | 2          |
+-----------+----------+-------------------------------------------------------------------+------------+

2. REPORT DETAILS
-----------------
SYNTH-5#1 Warning
Mapped onto distributed RAM because of timing constraints  
The instance u_cpu/dcache/way_d_reg_reg_r1_0_127_0_0 is implemented as distributed LUT RAM for the following reason: The timing constraints suggest that the chosen mapping will yield a better timing.
Related violations: <none>

SYNTH-5#2 Warning
Mapped onto distributed RAM because of timing constraints  
The instance u_cpu/dcache/way_d_reg_reg_r1_0_127_1_1 is implemented as distributed LUT RAM for the following reason: The timing constraints suggest that the chosen mapping will yield a better timing.
Related violations: <none>

SYNTH-5#3 Warning
Mapped onto distributed RAM because of timing constraints  
The instance u_cpu/dcache/way_d_reg_reg_r1_128_255_0_0 is implemented as distributed LUT RAM for the following reason: The timing constraints suggest that the chosen mapping will yield a better timing.
Related violations: <none>

SYNTH-5#4 Warning
Mapped onto distributed RAM because of timing constraints  
The instance u_cpu/dcache/way_d_reg_reg_r1_128_255_1_1 is implemented as distributed LUT RAM for the following reason: The timing constraints suggest that the chosen mapping will yield a better timing.
Related violations: <none>

SYNTH-5#5 Warning
Mapped onto distributed RAM because of timing constraints  
The instance u_cpu/dcache/way_d_reg_reg_r2_0_127_0_0 is implemented as distributed LUT RAM for the following reason: The timing constraints suggest that the chosen mapping will yield a better timing.
Related violations: <none>

SYNTH-5#6 Warning
Mapped onto distributed RAM because of timing constraints  
The instance u_cpu/dcache/way_d_reg_reg_r2_0_127_1_1 is implemented as distributed LUT RAM for the following reason: The timing constraints suggest that the chosen mapping will yield a better timing.
Related violations: <none>

SYNTH-5#7 Warning
Mapped onto distributed RAM because of timing constraints  
The instance u_cpu/dcache/way_d_reg_reg_r2_128_255_0_0 is implemented as distributed LUT RAM for the following reason: The timing constraints suggest that the chosen mapping will yield a better timing.
Related violations: <none>

SYNTH-5#8 Warning
Mapped onto distributed RAM because of timing constraints  
The instance u_cpu/dcache/way_d_reg_reg_r2_128_255_1_1 is implemented as distributed LUT RAM for the following reason: The timing constraints suggest that the chosen mapping will yield a better timing.
Related violations: <none>

TIMING-10#1 Warning
Missing property on synchronizer  
One or more logic synchronizer has been detected between 2 clock domains but the synchronizer does not have the property ASYNC_REG defined on one or both registers. It is recommended to run report_cdc for a complete and detailed CDC coverage
Related violations: <none>

TIMING-18#1 Warning
Missing input or output delay  
An input delay is missing on UART_RX relative to clock(s) clk
Related violations: <none>

TIMING-18#2 Warning
Missing input or output delay  
An input delay is missing on UART_TX relative to clock(s) clk
Related violations: <none>

TIMING-18#3 Warning
Missing input or output delay  
An input delay is missing on dip_sw[0] relative to clock(s) clk
Related violations: <none>

TIMING-18#4 Warning
Missing input or output delay  
An input delay is missing on dip_sw[10] relative to clock(s) clk
Related violations: <none>

TIMING-18#5 Warning
Missing input or output delay  
An input delay is missing on dip_sw[11] relative to clock(s) clk
Related violations: <none>

TIMING-18#6 Warning
Missing input or output delay  
An input delay is missing on dip_sw[12] relative to clock(s) clk
Related violations: <none>

TIMING-18#7 Warning
Missing input or output delay  
An input delay is missing on dip_sw[13] relative to clock(s) clk
Related violations: <none>

TIMING-18#8 Warning
Missing input or output delay  
An input delay is missing on dip_sw[14] relative to clock(s) clk
Related violations: <none>

TIMING-18#9 Warning
Missing input or output delay  
An input delay is missing on dip_sw[15] relative to clock(s) clk
Related violations: <none>

TIMING-18#10 Warning
Missing input or output delay  
An input delay is missing on dip_sw[16] relative to clock(s) clk
Related violations: <none>

TIMING-18#11 Warning
Missing input or output delay  
An input delay is missing on dip_sw[17] relative to clock(s) clk
Related violations: <none>

TIMING-18#12 Warning
Missing input or output delay  
An input delay is missing on dip_sw[18] relative to clock(s) clk
Related violations: <none>

TIMING-18#13 Warning
Missing input or output delay  
An input delay is missing on dip_sw[19] relative to clock(s) clk
Related violations: <none>

TIMING-18#14 Warning
Missing input or output delay  
An input delay is missing on dip_sw[1] relative to clock(s) clk
Related violations: <none>

TIMING-18#15 Warning
Missing input or output delay  
An input delay is missing on dip_sw[20] relative to clock(s) clk
Related violations: <none>

TIMING-18#16 Warning
Missing input or output delay  
An input delay is missing on dip_sw[21] relative to clock(s) clk
Related violations: <none>

TIMING-18#17 Warning
Missing input or output delay  
An input delay is missing on dip_sw[22] relative to clock(s) clk
Related violations: <none>

TIMING-18#18 Warning
Missing input or output delay  
An input delay is missing on dip_sw[23] relative to clock(s) clk
Related violations: <none>

TIMING-18#19 Warning
Missing input or output delay  
An input delay is missing on dip_sw[24] relative to clock(s) clk
Related violations: <none>

TIMING-18#20 Warning
Missing input or output delay  
An input delay is missing on dip_sw[25] relative to clock(s) clk
Related violations: <none>

TIMING-18#21 Warning
Missing input or output delay  
An input delay is missing on dip_sw[26] relative to clock(s) clk
Related violations: <none>

TIMING-18#22 Warning
Missing input or output delay  
An input delay is missing on dip_sw[27] relative to clock(s) clk
Related violations: <none>

TIMING-18#23 Warning
Missing input or output delay  
An input delay is missing on dip_sw[28] relative to clock(s) clk
Related violations: <none>

TIMING-18#24 Warning
Missing input or output delay  
An input delay is missing on dip_sw[29] relative to clock(s) clk
Related violations: <none>

TIMING-18#25 Warning
Missing input or output delay  
An input delay is missing on dip_sw[2] relative to clock(s) clk
Related violations: <none>

TIMING-18#26 Warning
Missing input or output delay  
An input delay is missing on dip_sw[30] relative to clock(s) clk
Related violations: <none>

TIMING-18#27 Warning
Missing input or output delay  
An input delay is missing on dip_sw[31] relative to clock(s) clk
Related violations: <none>

TIMING-18#28 Warning
Missing input or output delay  
An input delay is missing on dip_sw[3] relative to clock(s) clk
Related violations: <none>

TIMING-18#29 Warning
Missing input or output delay  
An input delay is missing on dip_sw[4] relative to clock(s) clk
Related violations: <none>

TIMING-18#30 Warning
Missing input or output delay  
An input delay is missing on dip_sw[5] relative to clock(s) clk
Related violations: <none>

TIMING-18#31 Warning
Missing input or output delay  
An input delay is missing on dip_sw[6] relative to clock(s) clk
Related violations: <none>

TIMING-18#32 Warning
Missing input or output delay  
An input delay is missing on dip_sw[7] relative to clock(s) clk
Related violations: <none>

TIMING-18#33 Warning
Missing input or output delay  
An input delay is missing on dip_sw[8] relative to clock(s) clk
Related violations: <none>

TIMING-18#34 Warning
Missing input or output delay  
An input delay is missing on dip_sw[9] relative to clock(s) clk
Related violations: <none>

TIMING-18#35 Warning
Missing input or output delay  
An output delay is missing on dpy0[0] relative to clock(s) clk
Related violations: <none>

TIMING-18#36 Warning
Missing input or output delay  
An output delay is missing on dpy0[1] relative to clock(s) clk
Related violations: <none>

TIMING-18#37 Warning
Missing input or output delay  
An output delay is missing on dpy0[2] relative to clock(s) clk
Related violations: <none>

TIMING-18#38 Warning
Missing input or output delay  
An output delay is missing on dpy0[3] relative to clock(s) clk
Related violations: <none>

TIMING-18#39 Warning
Missing input or output delay  
An output delay is missing on dpy0[4] relative to clock(s) clk
Related violations: <none>

TIMING-18#40 Warning
Missing input or output delay  
An output delay is missing on dpy0[5] relative to clock(s) clk
Related violations: <none>

TIMING-18#41 Warning
Missing input or output delay  
An output delay is missing on dpy0[6] relative to clock(s) clk
Related violations: <none>

TIMING-18#42 Warning
Missing input or output delay  
An output delay is missing on dpy0[7] relative to clock(s) clk
Related violations: <none>

TIMING-18#43 Warning
Missing input or output delay  
An output delay is missing on dpy1[0] relative to clock(s) clk
Related violations: <none>

TIMING-18#44 Warning
Missing input or output delay  
An output delay is missing on dpy1[1] relative to clock(s) clk
Related violations: <none>

TIMING-18#45 Warning
Missing input or output delay  
An output delay is missing on dpy1[2] relative to clock(s) clk
Related violations: <none>

TIMING-18#46 Warning
Missing input or output delay  
An output delay is missing on dpy1[3] relative to clock(s) clk
Related violations: <none>

TIMING-18#47 Warning
Missing input or output delay  
An output delay is missing on dpy1[4] relative to clock(s) clk
Related violations: <none>

TIMING-18#48 Warning
Missing input or output delay  
An output delay is missing on dpy1[5] relative to clock(s) clk
Related violations: <none>

TIMING-18#49 Warning
Missing input or output delay  
An output delay is missing on dpy1[6] relative to clock(s) clk
Related violations: <none>

TIMING-18#50 Warning
Missing input or output delay  
An output delay is missing on dpy1[7] relative to clock(s) clk
Related violations: <none>

TIMING-18#51 Warning
Missing input or output delay  
An output delay is missing on leds[0] relative to clock(s) clk
Related violations: <none>

TIMING-18#52 Warning
Missing input or output delay  
An output delay is missing on leds[10] relative to clock(s) clk
Related violations: <none>

TIMING-18#53 Warning
Missing input or output delay  
An output delay is missing on leds[11] relative to clock(s) clk
Related violations: <none>

TIMING-18#54 Warning
Missing input or output delay  
An output delay is missing on leds[12] relative to clock(s) clk
Related violations: <none>

TIMING-18#55 Warning
Missing input or output delay  
An output delay is missing on leds[13] relative to clock(s) clk
Related violations: <none>

TIMING-18#56 Warning
Missing input or output delay  
An output delay is missing on leds[14] relative to clock(s) clk
Related violations: <none>

TIMING-18#57 Warning
Missing input or output delay  
An output delay is missing on leds[15] relative to clock(s) clk
Related violations: <none>

TIMING-18#58 Warning
Missing input or output delay  
An output delay is missing on leds[1] relative to clock(s) clk
Related violations: <none>

TIMING-18#59 Warning
Missing input or output delay  
An output delay is missing on leds[2] relative to clock(s) clk
Related violations: <none>

TIMING-18#60 Warning
Missing input or output delay  
An output delay is missing on leds[3] relative to clock(s) clk
Related violations: <none>

TIMING-18#61 Warning
Missing input or output delay  
An output delay is missing on leds[4] relative to clock(s) clk
Related violations: <none>

TIMING-18#62 Warning
Missing input or output delay  
An output delay is missing on leds[5] relative to clock(s) clk
Related violations: <none>

TIMING-18#63 Warning
Missing input or output delay  
An output delay is missing on leds[6] relative to clock(s) clk
Related violations: <none>

TIMING-18#64 Warning
Missing input or output delay  
An output delay is missing on leds[7] relative to clock(s) clk
Related violations: <none>

TIMING-18#65 Warning
Missing input or output delay  
An output delay is missing on leds[8] relative to clock(s) clk
Related violations: <none>

TIMING-18#66 Warning
Missing input or output delay  
An output delay is missing on leds[9] relative to clock(s) clk
Related violations: <none>

TIMING-20#1 Warning
Non-clocked latch  
The latch u_axi_ram/u_axi_sram_sp/s_rdata_reg[0] cannot be properly analyzed as its control pin u_axi_ram/u_axi_sram_sp/s_rdata_reg[0]/G is not reached by a timing clock
Related violations: <none>

TIMING-20#2 Warning
Non-clocked latch  
The latch u_axi_ram/u_axi_sram_sp/s_rdata_reg[10] cannot be properly analyzed as its control pin u_axi_ram/u_axi_sram_sp/s_rdata_reg[10]/G is not reached by a timing clock
Related violations: <none>

TIMING-20#3 Warning
Non-clocked latch  
The latch u_axi_ram/u_axi_sram_sp/s_rdata_reg[11] cannot be properly analyzed as its control pin u_axi_ram/u_axi_sram_sp/s_rdata_reg[11]/G is not reached by a timing clock
Related violations: <none>

TIMING-20#4 Warning
Non-clocked latch  
The latch u_axi_ram/u_axi_sram_sp/s_rdata_reg[12] cannot be properly analyzed as its control pin u_axi_ram/u_axi_sram_sp/s_rdata_reg[12]/G is not reached by a timing clock
Related violations: <none>

TIMING-20#5 Warning
Non-clocked latch  
The latch u_axi_ram/u_axi_sram_sp/s_rdata_reg[13] cannot be properly analyzed as its control pin u_axi_ram/u_axi_sram_sp/s_rdata_reg[13]/G is not reached by a timing clock
Related violations: <none>

TIMING-20#6 Warning
Non-clocked latch  
The latch u_axi_ram/u_axi_sram_sp/s_rdata_reg[14] cannot be properly analyzed as its control pin u_axi_ram/u_axi_sram_sp/s_rdata_reg[14]/G is not reached by a timing clock
Related violations: <none>

TIMING-20#7 Warning
Non-clocked latch  
The latch u_axi_ram/u_axi_sram_sp/s_rdata_reg[15] cannot be properly analyzed as its control pin u_axi_ram/u_axi_sram_sp/s_rdata_reg[15]/G is not reached by a timing clock
Related violations: <none>

TIMING-20#8 Warning
Non-clocked latch  
The latch u_axi_ram/u_axi_sram_sp/s_rdata_reg[16] cannot be properly analyzed as its control pin u_axi_ram/u_axi_sram_sp/s_rdata_reg[16]/G is not reached by a timing clock
Related violations: <none>

TIMING-20#9 Warning
Non-clocked latch  
The latch u_axi_ram/u_axi_sram_sp/s_rdata_reg[17] cannot be properly analyzed as its control pin u_axi_ram/u_axi_sram_sp/s_rdata_reg[17]/G is not reached by a timing clock
Related violations: <none>

TIMING-20#10 Warning
Non-clocked latch  
The latch u_axi_ram/u_axi_sram_sp/s_rdata_reg[18] cannot be properly analyzed as its control pin u_axi_ram/u_axi_sram_sp/s_rdata_reg[18]/G is not reached by a timing clock
Related violations: <none>

TIMING-20#11 Warning
Non-clocked latch  
The latch u_axi_ram/u_axi_sram_sp/s_rdata_reg[19] cannot be properly analyzed as its control pin u_axi_ram/u_axi_sram_sp/s_rdata_reg[19]/G is not reached by a timing clock
Related violations: <none>

TIMING-20#12 Warning
Non-clocked latch  
The latch u_axi_ram/u_axi_sram_sp/s_rdata_reg[1] cannot be properly analyzed as its control pin u_axi_ram/u_axi_sram_sp/s_rdata_reg[1]/G is not reached by a timing clock
Related violations: <none>

TIMING-20#13 Warning
Non-clocked latch  
The latch u_axi_ram/u_axi_sram_sp/s_rdata_reg[20] cannot be properly analyzed as its control pin u_axi_ram/u_axi_sram_sp/s_rdata_reg[20]/G is not reached by a timing clock
Related violations: <none>

TIMING-20#14 Warning
Non-clocked latch  
The latch u_axi_ram/u_axi_sram_sp/s_rdata_reg[21] cannot be properly analyzed as its control pin u_axi_ram/u_axi_sram_sp/s_rdata_reg[21]/G is not reached by a timing clock
Related violations: <none>

TIMING-20#15 Warning
Non-clocked latch  
The latch u_axi_ram/u_axi_sram_sp/s_rdata_reg[22] cannot be properly analyzed as its control pin u_axi_ram/u_axi_sram_sp/s_rdata_reg[22]/G is not reached by a timing clock
Related violations: <none>

TIMING-20#16 Warning
Non-clocked latch  
The latch u_axi_ram/u_axi_sram_sp/s_rdata_reg[23] cannot be properly analyzed as its control pin u_axi_ram/u_axi_sram_sp/s_rdata_reg[23]/G is not reached by a timing clock
Related violations: <none>

TIMING-20#17 Warning
Non-clocked latch  
The latch u_axi_ram/u_axi_sram_sp/s_rdata_reg[24] cannot be properly analyzed as its control pin u_axi_ram/u_axi_sram_sp/s_rdata_reg[24]/G is not reached by a timing clock
Related violations: <none>

TIMING-20#18 Warning
Non-clocked latch  
The latch u_axi_ram/u_axi_sram_sp/s_rdata_reg[25] cannot be properly analyzed as its control pin u_axi_ram/u_axi_sram_sp/s_rdata_reg[25]/G is not reached by a timing clock
Related violations: <none>

TIMING-20#19 Warning
Non-clocked latch  
The latch u_axi_ram/u_axi_sram_sp/s_rdata_reg[26] cannot be properly analyzed as its control pin u_axi_ram/u_axi_sram_sp/s_rdata_reg[26]/G is not reached by a timing clock
Related violations: <none>

TIMING-20#20 Warning
Non-clocked latch  
The latch u_axi_ram/u_axi_sram_sp/s_rdata_reg[27] cannot be properly analyzed as its control pin u_axi_ram/u_axi_sram_sp/s_rdata_reg[27]/G is not reached by a timing clock
Related violations: <none>

TIMING-20#21 Warning
Non-clocked latch  
The latch u_axi_ram/u_axi_sram_sp/s_rdata_reg[28] cannot be properly analyzed as its control pin u_axi_ram/u_axi_sram_sp/s_rdata_reg[28]/G is not reached by a timing clock
Related violations: <none>

TIMING-20#22 Warning
Non-clocked latch  
The latch u_axi_ram/u_axi_sram_sp/s_rdata_reg[29] cannot be properly analyzed as its control pin u_axi_ram/u_axi_sram_sp/s_rdata_reg[29]/G is not reached by a timing clock
Related violations: <none>

TIMING-20#23 Warning
Non-clocked latch  
The latch u_axi_ram/u_axi_sram_sp/s_rdata_reg[2] cannot be properly analyzed as its control pin u_axi_ram/u_axi_sram_sp/s_rdata_reg[2]/G is not reached by a timing clock
Related violations: <none>

TIMING-20#24 Warning
Non-clocked latch  
The latch u_axi_ram/u_axi_sram_sp/s_rdata_reg[30] cannot be properly analyzed as its control pin u_axi_ram/u_axi_sram_sp/s_rdata_reg[30]/G is not reached by a timing clock
Related violations: <none>

TIMING-20#25 Warning
Non-clocked latch  
The latch u_axi_ram/u_axi_sram_sp/s_rdata_reg[31] cannot be properly analyzed as its control pin u_axi_ram/u_axi_sram_sp/s_rdata_reg[31]/G is not reached by a timing clock
Related violations: <none>

TIMING-20#26 Warning
Non-clocked latch  
The latch u_axi_ram/u_axi_sram_sp/s_rdata_reg[3] cannot be properly analyzed as its control pin u_axi_ram/u_axi_sram_sp/s_rdata_reg[3]/G is not reached by a timing clock
Related violations: <none>

TIMING-20#27 Warning
Non-clocked latch  
The latch u_axi_ram/u_axi_sram_sp/s_rdata_reg[4] cannot be properly analyzed as its control pin u_axi_ram/u_axi_sram_sp/s_rdata_reg[4]/G is not reached by a timing clock
Related violations: <none>

TIMING-20#28 Warning
Non-clocked latch  
The latch u_axi_ram/u_axi_sram_sp/s_rdata_reg[5] cannot be properly analyzed as its control pin u_axi_ram/u_axi_sram_sp/s_rdata_reg[5]/G is not reached by a timing clock
Related violations: <none>

TIMING-20#29 Warning
Non-clocked latch  
The latch u_axi_ram/u_axi_sram_sp/s_rdata_reg[6] cannot be properly analyzed as its control pin u_axi_ram/u_axi_sram_sp/s_rdata_reg[6]/G is not reached by a timing clock
Related violations: <none>

TIMING-20#30 Warning
Non-clocked latch  
The latch u_axi_ram/u_axi_sram_sp/s_rdata_reg[7] cannot be properly analyzed as its control pin u_axi_ram/u_axi_sram_sp/s_rdata_reg[7]/G is not reached by a timing clock
Related violations: <none>

TIMING-20#31 Warning
Non-clocked latch  
The latch u_axi_ram/u_axi_sram_sp/s_rdata_reg[8] cannot be properly analyzed as its control pin u_axi_ram/u_axi_sram_sp/s_rdata_reg[8]/G is not reached by a timing clock
Related violations: <none>

TIMING-20#32 Warning
Non-clocked latch  
The latch u_axi_ram/u_axi_sram_sp/s_rdata_reg[9] cannot be properly analyzed as its control pin u_axi_ram/u_axi_sram_sp/s_rdata_reg[9]/G is not reached by a timing clock
Related violations: <none>

TIMING-47#1 Warning
False path or asynchronous clock group between synchronous clocks  
A Clock Group timing constraint is set between synchronous clocks cpu_clk and sys_clk (see constraint position 4 in the Timing Constraint window in Vivado IDE). It is not recommended to cover synchronous clock domains with constraints that prevent timing analysis as the design could fail in hardware.
Related violations: <none>

TIMING-47#2 Warning
False path or asynchronous clock group between synchronous clocks  
A Clock Group timing constraint is set between synchronous clocks sys_clk and cpu_clk (see constraint position 4 in the Timing Constraint window in Vivado IDE). It is not recommended to cover synchronous clock domains with constraints that prevent timing analysis as the design could fail in hardware.
Related violations: <none>


