Copyright 1986-2019 Xilinx, Inc. All Rights Reserved.
-------------------------------------------------------------------------------------------------------------------------------------------
| Tool Version     : Vivado v.2019.2 (win64) Build 2708876 Wed Nov  6 21:40:23 MST 2019
| Date             : Thu May 15 21:59:17 2025
| Host             : LAPTOP-2G409SCH running 64-bit major release  (build 9200)
| Command          : report_power -file soc_top_power_routed.rpt -pb soc_top_power_summary_routed.pb -rpx soc_top_power_routed.rpx
| Design           : soc_top
| Device           : xc7a200tfbg676-1
| Design State     : routed
| Grade            : commercial
| Process          : typical
| Characterization : Production
-------------------------------------------------------------------------------------------------------------------------------------------

Power Report

Table of Contents
-----------------
1. Summary
1.1 On-Chip Components
1.2 Power Supply Summary
1.3 Confidence Level
2. Settings
2.1 Environment
2.2 Clock Constraints
3. Detailed Reports
3.1 By Hierarchy

1. Summary
----------

+--------------------------+--------------+
| Total On-Chip Power (W)  | 0.308        |
| Design Power Budget (W)  | Unspecified* |
| Power Budget Margin (W)  | NA           |
| Dynamic (W)              | 0.168        |
| Device Static (W)        | 0.139        |
| Effective TJA (C/W)      | 1.9          |
| Max Ambient (C)          | 84.4         |
| Junction Temperature (C) | 25.6         |
| Confidence Level         | Low          |
| Setting File             | ---          |
| Simulation Activity File | ---          |
| Design Nets Matched      | NA           |
+--------------------------+--------------+
* Specify Design Power Budget using, set_operating_conditions -design_power_budget <value in Watts>


1.1 On-Chip Components
----------------------

+--------------------------+-----------+----------+-----------+-----------------+
| On-Chip                  | Power (W) | Used     | Available | Utilization (%) |
+--------------------------+-----------+----------+-----------+-----------------+
| Clocks                   |     0.009 |        6 |       --- |             --- |
| Slice Logic              |     0.003 |    19674 |       --- |             --- |
|   LUT as Logic           |     0.002 |     9680 |    133800 |            7.23 |
|   LUT as Distributed RAM |    <0.001 |      444 |     46200 |            0.96 |
|   CARRY4                 |    <0.001 |      781 |     33450 |            2.33 |
|   Register               |    <0.001 |     6757 |    267600 |            2.53 |
|   F7/F8 Muxes            |    <0.001 |      300 |    133800 |            0.22 |
|   BUFG                   |    <0.001 |        1 |        32 |            3.13 |
|   Others                 |     0.000 |      125 |       --- |             --- |
| Signals                  |     0.005 |    15302 |       --- |             --- |
| Block RAM                |     0.007 |       10 |       365 |            2.74 |
| PLL                      |     0.137 |        1 |        10 |           10.00 |
| I/O                      |     0.007 |      227 |       400 |           56.75 |
| Static Power             |     0.139 |          |           |                 |
| Total                    |     0.308 |          |           |                 |
+--------------------------+-----------+----------+-----------+-----------------+


1.2 Power Supply Summary
------------------------

+-----------+-------------+-----------+-------------+------------+
| Source    | Voltage (V) | Total (A) | Dynamic (A) | Static (A) |
+-----------+-------------+-----------+-------------+------------+
| Vccint    |       1.000 |     0.068 |       0.037 |      0.031 |
| Vccaux    |       1.800 |     0.100 |       0.069 |      0.031 |
| Vcco33    |       3.300 |     0.007 |       0.002 |      0.005 |
| Vcco25    |       2.500 |     0.000 |       0.000 |      0.000 |
| Vcco18    |       1.800 |     0.000 |       0.000 |      0.000 |
| Vcco15    |       1.500 |     0.000 |       0.000 |      0.000 |
| Vcco135   |       1.350 |     0.000 |       0.000 |      0.000 |
| Vcco12    |       1.200 |     0.000 |       0.000 |      0.000 |
| Vccaux_io |       1.800 |     0.000 |       0.000 |      0.000 |
| Vccbram   |       1.000 |     0.001 |       0.000 |      0.001 |
| MGTAVcc   |       1.000 |     0.000 |       0.000 |      0.000 |
| MGTAVtt   |       1.200 |     0.000 |       0.000 |      0.000 |
| Vccadc    |       1.800 |     0.020 |       0.000 |      0.020 |
+-----------+-------------+-----------+-------------+------------+


1.3 Confidence Level
--------------------

+-----------------------------+------------+--------------------------------------------------------+------------------------------------------------------------------------------------------------------------+
| User Input Data             | Confidence | Details                                                | Action                                                                                                     |
+-----------------------------+------------+--------------------------------------------------------+------------------------------------------------------------------------------------------------------------+
| Design implementation state | High       | Design is routed                                       |                                                                                                            |
| Clock nodes activity        | High       | User specified more than 95% of clocks                 |                                                                                                            |
| I/O nodes activity          | Low        | More than 75% of inputs are missing user specification | Provide missing input activity with simulation results or by editing the "By Resource Type -> I/Os" view   |
| Internal nodes activity     | Medium     | User specified less than 25% of internal nodes         | Provide missing internal nodes activity with simulation results or by editing the "By Resource Type" views |
| Device models               | High       | Device models are Production                           |                                                                                                            |
|                             |            |                                                        |                                                                                                            |
| Overall confidence level    | Low        |                                                        |                                                                                                            |
+-----------------------------+------------+--------------------------------------------------------+------------------------------------------------------------------------------------------------------------+


2. Settings
-----------

2.1 Environment
---------------

+-----------------------+--------------------------+
| Ambient Temp (C)      | 25.0                     |
| ThetaJA (C/W)         | 1.9                      |
| Airflow (LFM)         | 250                      |
| Heat Sink             | medium (Medium Profile)  |
| ThetaSA (C/W)         | 3.4                      |
| Board Selection       | medium (10"x10")         |
| # of Board Layers     | 12to15 (12 to 15 Layers) |
| Board Temperature (C) | 25.0                     |
+-----------------------+--------------------------+


2.2 Clock Constraints
---------------------

+------------------+-----------------------------------------+-----------------+
| Clock            | Domain                                  | Constraint (ns) |
+------------------+-----------------------------------------+-----------------+
| clk              | clk                                     |            20.0 |
| clkfbout_clk_pll | pll_clk.u_clk_pll/inst/clkfbout_clk_pll |            20.0 |
| cpu_clk          | pll_clk.u_clk_pll/inst/cpu_clk_clk_pll  |            30.3 |
| sys_clk          | pll_clk.u_clk_pll/inst/sys_clk_clk_pll  |            20.0 |
+------------------+-----------------------------------------+-----------------+


3. Detailed Reports
-------------------

3.1 By Hierarchy
----------------

+-------------------------+-----------+
| Name                    | Power (W) |
+-------------------------+-----------+
| soc_top                 |     0.168 |
|   pll_clk.u_clk_pll     |     0.138 |
|     inst                |     0.138 |
|   u_axi_cdc             |     0.002 |
|   u_axi_uart_controller |     0.002 |
|     uart0               |     0.001 |
|       regs              |     0.001 |
|   u_cpu                 |     0.017 |
|     addr_trans          |     0.002 |
|       tlb_entry         |     0.002 |
|     btb                 |     0.002 |
|     dcache              |     0.004 |
|     icache              |     0.005 |
|     u_csr               |     0.001 |
+-------------------------+-----------+


